******************************************************************************
                  TI ARM Linker PC v18.1.4                     
******************************************************************************
>> Linked Sat Mar 16 22:35:08 2019

OUTPUT FILE NAME:   <empty_MSP_EXP432P401R_nortos_ccs.out>
ENTRY POINT SYMBOL: "_c_int00_noinit_noargs"  address: 00000c05


MEMORY CONFIGURATION

         name            origin    length      used     unused   attr    fill
----------------------  --------  ---------  --------  --------  ----  --------
  MAIN                  00000000   00040000  00000da8  0003f258  R  X
  INFO                  00200000   00004000  00000000  00004000  R  X
  SRAM_CODE             01000000   00010000  00000200  0000fe00  RW X
  SRAM_DATA             20000000   00010000  00000200  0000fe00  RW  


SEGMENT ALLOCATION MAP

run origin  load origin   length   init length attrs members
----------  ----------- ---------- ----------- ----- -------
00000000    00000000    00000da8   00000da8    r-x
  00000000    00000000    000000e4   000000e4    r-- .intvecs
  000000e4    000000e4    00000ca4   00000ca4    r-x .text
  00000d88    00000d88    00000020   00000020    r-- .const
2000fe00    2000fe00    00000200   00000000    rw-
  2000fe00    2000fe00    00000200   00000000    rw- .stack


SECTION ALLOCATION MAP

 output                                  attributes/
section   page    origin      length       input sections
--------  ----  ----------  ----------   ----------------
.intvecs   0    00000000    000000e4     
                  00000000    000000e4     startup_msp432p401r_ccs.obj (.intvecs:retain)

.text      0    000000e4    00000ca4     
                  000000e4    0000028a     msp432p4xx_driverlib.lib : pcm.o (.text:__PCM_setPowerStateAdvanced)
                  0000036e    00000002     startup_msp432p401r_ccs.obj (.text:Default_Handler)
                  00000370    0000015c     msp432p4xx_driverlib.lib : pcm.o (.text:__PCM_setPowerModeAdvanced)
                  000004cc    00000144                              : timer_a.o (.text:privateTimer_AProcessClockSourceDivider)
                  00000610    00000130                              : cs.o (.text:CS_initClockSignal)
                  00000740    00000108                              : pcm.o (.text:__PCM_setCoreVoltageLevelAdvanced)
                  00000848    0000008c     main.obj (.text:SetConfiguation)
                  000008d4    00000084     msp432p4xx_driverlib.lib : pcm.o (.text:PCM_gotoLPM3)
                  00000958    00000080                              : interrupt.o (.text:Interrupt_enableInterrupt)
                  000009d8    00000078     system_msp432p401r.obj (.text:SystemInit)
                  00000a50    00000074     msp432p4xx_driverlib.lib : timer_a.o (.text:Timer_A_generatePWM)
                  00000ac4    0000005e                              : pcm.o (.text:PCM_getCoreVoltageLevel)
                  00000b22    0000005a                              : pcm.o (.text:PCM_getPowerMode)
                  00000b7c    00000054                              : pcm.o (.text:PCM_shutdownDevice)
                  00000bd0    00000034                              : cs.o (.text:CS_setDCOCenteredFrequency)
                  00000c04    00000030     rtsv7M4_T_le_v4SPD16_eabi.lib : boot_cortex_m.c.obj (.text:_c_int00_noinit_noargs:_c_int00_noinit_noargs)
                  00000c34    0000002c     msp432p4xx_driverlib.lib : rtc_c.o (.text:RTC_C_holdClock)
                  00000c60    0000002c                              : timer_a.o (.text:Timer_A_enableCaptureCompareInterrupt)
                  00000c8c    00000028                              : pcm.o (.text:PCM_gotoLPM0)
                  00000cb4    00000024                              : wdt_a.o (.text:WDT_A_holdTimer)
                  00000cd8    00000014                              : pcm.o (.text:PCM_getPowerState)
                  00000cec    00000010                              : interrupt.o (.text:Interrupt_disableMaster)
                  00000cfc    00000010                              : interrupt.o (.text:Interrupt_enableMaster)
                  00000d0c    00000010                              : pcm.o (.text:PCM_gotoLPM4)
                  00000d1c    00000010                              : pcm.o (.text:PCM_setCoreVoltageLevel)
                  00000d2c    00000010                              : pcm.o (.text:PCM_setPowerMode)
                  00000d3c    00000010                              : pcm.o (.text:PCM_setPowerState)
                  00000d4c    0000000c                              : cpu.o (.text:CPU_cpsid)
                  00000d58    0000000c                              : cpu.o (.text:CPU_cpsie)
                  00000d64    0000000c     startup_msp432p401r_ccs.obj (.text:Reset_Handler)
                  00000d70    0000000c     main.obj (.text:main)
                  00000d7c    00000004     msp432p4xx_driverlib.lib : cpu.o (.text:CPU_wfi)
                  00000d80    00000004     rtsv7M4_T_le_v4SPD16_eabi.lib : pre_init.c.obj (.text:_system_pre_init)
                  00000d84    00000004                                   : exit.c.obj (.text:abort:abort)

.const     0    00000d88    00000020     
                  00000d88    00000018     main.obj (.const:$P$T0$1)
                  00000da0    00000008     msp432p4xx_driverlib.lib : interrupt.o (.const:g_pulEnRegs)

.cinit     0    00000000    00000000     UNINITIALIZED

.init_array 
*          0    00000000    00000000     UNINITIALIZED

.binit     0    00000000    00000000     

.stack     0    2000fe00    00000200     UNINITIALIZED
                  2000fe00    00000004     rtsv7M4_T_le_v4SPD16_eabi.lib : boot_cortex_m.c.obj (.stack)
                  2000fe04    000001fc     --HOLE--

MODULE SUMMARY

       Module                        code   ro data   rw data
       ------                        ----   -------   -------
    .\
       main.obj                      152    24        0      
       system_msp432p401r.obj        120    0         0      
    +--+-----------------------------+------+---------+---------+
       Total:                        272    24        0      
                                                             
    .\ccs\
       startup_msp432p401r_ccs.obj   14     228       0      
    +--+-----------------------------+------+---------+---------+
       Total:                        14     228       0      
                                                             
    C:/ti/simplelink_msp432p4_sdk_2_40_00_10/source/ti/devices/msp432p4xx/driverlib/ccs/msp432p4xx_driverlib.lib
       pcm.o                         1786   0         0      
       timer_a.o                     484    0         0      
       cs.o                          356    0         0      
       interrupt.o                   160    8         0      
       rtc_c.o                       44     0         0      
       wdt_a.o                       36     0         0      
       cpu.o                         28     0         0      
    +--+-----------------------------+------+---------+---------+
       Total:                        2894   8         0      
                                                             
    C:\ti\ccsv8\tools\compiler\ti-cgt-arm_18.1.4.LTS\lib\rtsv7M4_T_le_v4SPD16_eabi.lib
       boot_cortex_m.c.obj           48     0         0      
       exit.c.obj                    4      0         0      
       pre_init.c.obj                4      0         0      
    +--+-----------------------------+------+---------+---------+
       Total:                        56     0         0      
                                                             
       Stack:                        0      0         1024   
    +--+-----------------------------+------+---------+---------+
       Grand Total:                  3236   260       1024   


GLOBAL SYMBOLS: SORTED ALPHABETICALLY BY Name 

address   name                                 
-------   ----                                 
0000036f  ADC14_IRQHandler                     
0000036f  AES256_IRQHandler                    
0000036f  BusFault_Handler                     
00000d85  C$$EXIT                              
0000036f  COMP_E0_IRQHandler                   
0000036f  COMP_E1_IRQHandler                   
00000d4d  CPU_cpsid                            
00000d59  CPU_cpsie                            
00000d7d  CPU_wfi                              
0000036f  CS_IRQHandler                        
00000611  CS_initClockSignal                   
00000bd1  CS_setDCOCenteredFrequency           
0000036f  DMA_ERR_IRQHandler                   
0000036f  DMA_INT0_IRQHandler                  
0000036f  DMA_INT1_IRQHandler                  
0000036f  DMA_INT2_IRQHandler                  
0000036f  DMA_INT3_IRQHandler                  
0000036f  DebugMon_Handler                     
0000036f  Default_Handler                      
0000036f  EUSCIA0_IRQHandler                   
0000036f  EUSCIA1_IRQHandler                   
0000036f  EUSCIA2_IRQHandler                   
0000036f  EUSCIA3_IRQHandler                   
0000036f  EUSCIB0_IRQHandler                   
0000036f  EUSCIB1_IRQHandler                   
0000036f  EUSCIB2_IRQHandler                   
0000036f  EUSCIB3_IRQHandler                   
0000036f  FLCTL_IRQHandler                     
0000036f  FPU_IRQHandler                       
0000036f  HardFault_Handler                    
00000ced  Interrupt_disableMaster              
00000959  Interrupt_enableInterrupt            
00000cfd  Interrupt_enableMaster               
0000036f  MemManage_Handler                    
0000036f  NMI_Handler                          
0000036f  PCM_IRQHandler                       
00000ac5  PCM_getCoreVoltageLevel              
00000b23  PCM_getPowerMode                     
00000cd9  PCM_getPowerState                    
00000c8d  PCM_gotoLPM0                         
000008d5  PCM_gotoLPM3                         
00000d0d  PCM_gotoLPM4                         
00000d1d  PCM_setCoreVoltageLevel              
00000d2d  PCM_setPowerMode                     
00000d3d  PCM_setPowerState                    
00000b7d  PCM_shutdownDevice                   
0000036f  PORT1_IRQHandler                     
0000036f  PORT2_IRQHandler                     
0000036f  PORT3_IRQHandler                     
0000036f  PORT4_IRQHandler                     
0000036f  PORT5_IRQHandler                     
0000036f  PORT6_IRQHandler                     
0000036f  PSS_IRQHandler                       
0000036f  PendSV_Handler                       
0000036f  RTC_C_IRQHandler                     
00000c35  RTC_C_holdClock                      
00000d65  Reset_Handler                        
0000036f  SVC_Handler                          
00000849  SetConfiguation                      
0000036f  SysTick_Handler                      
000009d9  SystemInit                           
0000036f  T32_INT1_IRQHandler                  
0000036f  T32_INT2_IRQHandler                  
0000036f  T32_INTC_IRQHandler                  
0000036f  TA0_0_IRQHandler                     
0000036f  TA0_N_IRQHandler                     
0000036f  TA1_0_IRQHandler                     
0000036f  TA1_N_IRQHandler                     
0000036f  TA2_0_IRQHandler                     
0000036f  TA2_N_IRQHandler                     
0000036f  TA3_0_IRQHandler                     
0000036f  TA3_N_IRQHandler                     
00000c61  Timer_A_enableCaptureCompareInterrupt
00000a51  Timer_A_generatePWM                  
0000036f  UsageFault_Handler                   
4000480c  WDTCTL_SYM                           
0000036f  WDT_A_IRQHandler                     
00000cb5  WDT_A_holdTimer                      
20010000  __STACK_END                          
00000200  __STACK_SIZE                         
ffffffff  __TI_pprof_out_hndl                  
ffffffff  __TI_prof_data_size                  
ffffffff  __TI_prof_data_start                 
00000000  __TI_static_base__                   
ffffffff  __binit__                            
ffffffff  __c_args__                           
UNDEFED   __mpu_init                           
2000fe00  __stack                              
00000c05  _c_int00_noinit_noargs               
00000d81  _system_pre_init                     
00000d85  abort                                
ffffffff  binit                                
00000000  interruptVectors                     
00000d71  main                                 


GLOBAL SYMBOLS: SORTED BY Symbol Address 

address   name                                 
-------   ----                                 
00000000  __TI_static_base__                   
00000000  interruptVectors                     
00000200  __STACK_SIZE                         
0000036f  ADC14_IRQHandler                     
0000036f  AES256_IRQHandler                    
0000036f  BusFault_Handler                     
0000036f  COMP_E0_IRQHandler                   
0000036f  COMP_E1_IRQHandler                   
0000036f  CS_IRQHandler                        
0000036f  DMA_ERR_IRQHandler                   
0000036f  DMA_INT0_IRQHandler                  
0000036f  DMA_INT1_IRQHandler                  
0000036f  DMA_INT2_IRQHandler                  
0000036f  DMA_INT3_IRQHandler                  
0000036f  DebugMon_Handler                     
0000036f  Default_Handler                      
0000036f  EUSCIA0_IRQHandler                   
0000036f  EUSCIA1_IRQHandler                   
0000036f  EUSCIA2_IRQHandler                   
0000036f  EUSCIA3_IRQHandler                   
0000036f  EUSCIB0_IRQHandler                   
0000036f  EUSCIB1_IRQHandler                   
0000036f  EUSCIB2_IRQHandler                   
0000036f  EUSCIB3_IRQHandler                   
0000036f  FLCTL_IRQHandler                     
0000036f  FPU_IRQHandler                       
0000036f  HardFault_Handler                    
0000036f  MemManage_Handler                    
0000036f  NMI_Handler                          
0000036f  PCM_IRQHandler                       
0000036f  PORT1_IRQHandler                     
0000036f  PORT2_IRQHandler                     
0000036f  PORT3_IRQHandler                     
0000036f  PORT4_IRQHandler                     
0000036f  PORT5_IRQHandler                     
0000036f  PORT6_IRQHandler                     
0000036f  PSS_IRQHandler                       
0000036f  PendSV_Handler                       
0000036f  RTC_C_IRQHandler                     
0000036f  SVC_Handler                          
0000036f  SysTick_Handler                      
0000036f  T32_INT1_IRQHandler                  
0000036f  T32_INT2_IRQHandler                  
0000036f  T32_INTC_IRQHandler                  
0000036f  TA0_0_IRQHandler                     
0000036f  TA0_N_IRQHandler                     
0000036f  TA1_0_IRQHandler                     
0000036f  TA1_N_IRQHandler                     
0000036f  TA2_0_IRQHandler                     
0000036f  TA2_N_IRQHandler                     
0000036f  TA3_0_IRQHandler                     
0000036f  TA3_N_IRQHandler                     
0000036f  UsageFault_Handler                   
0000036f  WDT_A_IRQHandler                     
00000611  CS_initClockSignal                   
00000849  SetConfiguation                      
000008d5  PCM_gotoLPM3                         
00000959  Interrupt_enableInterrupt            
000009d9  SystemInit                           
00000a51  Timer_A_generatePWM                  
00000ac5  PCM_getCoreVoltageLevel              
00000b23  PCM_getPowerMode                     
00000b7d  PCM_shutdownDevice                   
00000bd1  CS_setDCOCenteredFrequency           
00000c05  _c_int00_noinit_noargs               
00000c35  RTC_C_holdClock                      
00000c61  Timer_A_enableCaptureCompareInterrupt
00000c8d  PCM_gotoLPM0                         
00000cb5  WDT_A_holdTimer                      
00000cd9  PCM_getPowerState                    
00000ced  Interrupt_disableMaster              
00000cfd  Interrupt_enableMaster               
00000d0d  PCM_gotoLPM4                         
00000d1d  PCM_setCoreVoltageLevel              
00000d2d  PCM_setPowerMode                     
00000d3d  PCM_setPowerState                    
00000d4d  CPU_cpsid                            
00000d59  CPU_cpsie                            
00000d65  Reset_Handler                        
00000d71  main                                 
00000d7d  CPU_wfi                              
00000d81  _system_pre_init                     
00000d85  C$$EXIT                              
00000d85  abort                                
2000fe00  __stack                              
20010000  __STACK_END                          
4000480c  WDTCTL_SYM                           
ffffffff  __TI_pprof_out_hndl                  
ffffffff  __TI_prof_data_size                  
ffffffff  __TI_prof_data_start                 
ffffffff  __binit__                            
ffffffff  __c_args__                           
ffffffff  binit                                
UNDEFED   __mpu_init                           

[94 symbols]
