******************************************************************************
                  TI ARM Linker PC v18.1.4                     
******************************************************************************
>> Linked Tue Mar 19 08:59:24 2019

OUTPUT FILE NAME:   <timer_a_pwm_mode_MSP_EXP432P4111_nortos_ccs.out>
ENTRY POINT SYMBOL: "_c_int00_noargs"  address: 00000a75


MEMORY CONFIGURATION

         name            origin    length      used     unused   attr    fill
----------------------  --------  ---------  --------  --------  ----  --------
  MAIN                  00000000   00200000  00000bba  001ff446  R  X
  INFO                  00200000   00008000  00000000  00008000  R  X
  SRAM_CODE             01000000   00040000  00000218  0003fde8  RW X
  SRAM_DATA             20000000   00040000  00000218  0003fde8  RW  


SEGMENT ALLOCATION MAP

run origin  load origin   length   init length attrs members
----------  ----------- ---------- ----------- ----- -------
00000000    00000000    00000bbc   00000bbc    r-x
  00000000    00000000    000000e8   000000e8    r-- .intvecs
  000000e8    000000e8    00000aa6   00000aa6    r-x .text
  00000b90    00000b90    0000002c   0000002c    r-- .cinit
20000000    20000000    00000018   00000000    rw-
  20000000    20000000    00000018   00000000    rw- .data
2003fe00    2003fe00    00000200   00000000    rw-
  2003fe00    2003fe00    00000200   00000000    rw- .stack


SECTION ALLOCATION MAP

 output                                  attributes/
section   page    origin      length       input sections
--------  ----  ----------  ----------   ----------------
.intvecs   0    00000000    000000e8     
                  00000000    000000e8     startup_msp432p4111_ccs.obj (.intvecs:retain)

.text      0    000000e8    00000aa6     
                  000000e8    0000028a     msp432p4xx_driverlib.lib : pcm.o (.text:__PCM_setPowerStateAdvanced)
                  00000372    00000002     startup_msp432p4111_ccs.obj (.text:Default_Handler)
                  00000374    0000015c     msp432p4xx_driverlib.lib : pcm.o (.text:__PCM_setPowerModeAdvanced)
                  000004d0    00000108                              : pcm.o (.text:__PCM_setCoreVoltageLevelAdvanced)
                  000005d8    000000cc     timer_a_pwm_mode.obj (.text:main)
                  000006a4    0000009c     rtsv7M4_T_le_v4SPD16_eabi.lib : memcpy_t2.asm.obj (.text)
                  00000740    00000094     system_msp432p4111.obj (.text:SystemInit)
                  000007d4    00000084     msp432p4xx_driverlib.lib : pcm.o (.text:PCM_gotoLPM3)
                  00000858    00000068     rtsv7M4_T_le_v4SPD16_eabi.lib : copy_decompress_lzss.c.obj (.text:decompress:lzss:__TI_decompress_lzss)
                  000008c0    00000064     timer_a_pwm_mode.obj (.text:PORT1_IRQHandler)
                  00000924    0000005e     msp432p4xx_driverlib.lib : pcm.o (.text:PCM_getCoreVoltageLevel)
                  00000982    0000005a                              : pcm.o (.text:PCM_getPowerMode)
                  000009dc    00000054                              : pcm.o (.text:PCM_shutdownDevice)
                  00000a30    00000044     rtsv7M4_T_le_v4SPD16_eabi.lib : autoinit.c.obj (.text:__TI_auto_init_nobinit_nopinit:__TI_auto_init_nobinit_nopinit)
                  00000a74    00000038                                   : boot_cortex_m.c.obj (.text:_c_int00_noargs:_c_int00_noargs)
                  00000aac    0000002c     msp432p4xx_driverlib.lib : rtc_c.o (.text:RTC_C_holdClock)
                  00000ad8    00000028                              : pcm.o (.text:PCM_gotoLPM0)
                  00000b00    00000024                              : wdt_a.o (.text:WDT_A_holdTimer)
                  00000b24    00000014                              : pcm.o (.text:PCM_getPowerState)
                  00000b38    00000010                              : pcm.o (.text:PCM_gotoLPM4)
                  00000b48    00000010                              : pcm.o (.text:PCM_setPowerMode)
                  00000b58    00000010                              : pcm.o (.text:PCM_setPowerState)
                  00000b68    0000000e     rtsv7M4_T_le_v4SPD16_eabi.lib : copy_decompress_none.c.obj (.text:decompress:none:__TI_decompress_none)
                  00000b76    0000000c     startup_msp432p4111_ccs.obj (.text:Reset_Handler)
                  00000b82    00000004     msp432p4xx_driverlib.lib : cpu.o (.text:CPU_wfi)
                  00000b86    00000004     rtsv7M4_T_le_v4SPD16_eabi.lib : pre_init.c.obj (.text:_system_pre_init)
                  00000b8a    00000004                                   : exit.c.obj (.text:abort:abort)

.cinit     0    00000b90    0000002c     
                  00000b90    0000001b     (.cinit..data.load) [load image, compression = lzss]
                  00000bab    00000001     --HOLE-- [fill = 0]
                  00000bac    00000008     (__TI_handler_table)
                  00000bb4    00000008     (__TI_cinit_table)

.init_array 
*          0    00000000    00000000     UNINITIALIZED

.binit     0    00000000    00000000     

.data      0    20000000    00000018     UNINITIALIZED
                  20000000    00000018     timer_a_pwm_mode.obj (.data:pwmConfig)

.stack     0    2003fe00    00000200     UNINITIALIZED
                  2003fe00    00000004     rtsv7M4_T_le_v4SPD16_eabi.lib : boot_cortex_m.c.obj (.stack)
                  2003fe04    000001fc     --HOLE--

MODULE SUMMARY

       Module                        code   ro data   rw data
       ------                        ----   -------   -------
    .\
       timer_a_pwm_mode.obj          304    0         48     
       system_msp432p4111.obj        148    0         0      
    +--+-----------------------------+------+---------+---------+
       Total:                        452    0         48     
                                                             
    .\ccs\
       startup_msp432p4111_ccs.obj   14     232       0      
    +--+-----------------------------+------+---------+---------+
       Total:                        14     232       0      
                                                             
    C:/ti/simplelink_msp432p4_sdk_2_40_00_10/source/ti/devices/msp432p4xx/driverlib/ccs/msp432p4xx_driverlib.lib
       pcm.o                         1770   0         0      
       rtc_c.o                       44     0         0      
       wdt_a.o                       36     0         0      
       cpu.o                         4      0         0      
    +--+-----------------------------+------+---------+---------+
       Total:                        1854   0         0      
                                                             
    C:\ti\ccsv8\tools\compiler\ti-cgt-arm_18.1.4.LTS\lib\rtsv7M4_T_le_v4SPD16_eabi.lib
       memcpy_t2.asm.obj             156    0         0      
       copy_decompress_lzss.c.obj    104    0         0      
       autoinit.c.obj                68     0         0      
       boot_cortex_m.c.obj           56     0         0      
       copy_decompress_none.c.obj    14     0         0      
       exit.c.obj                    4      0         0      
       pre_init.c.obj                4      0         0      
    +--+-----------------------------+------+---------+---------+
       Total:                        406    0         0      
                                                             
       Stack:                        0      0         1024   
       Linker Generated:             0      43        0      
    +--+-----------------------------+------+---------+---------+
       Grand Total:                  2726   275       1072   


LINKER GENERATED COPY TABLES

__TI_cinit_table @ 00000bb4 records: 1, size/record: 8, table size: 8
	.data: load addr=00000b90, load size=0000001b bytes, run addr=20000000, run size=00000018 bytes, compression=lzss


LINKER GENERATED HANDLER TABLE

__TI_handler_table @ 00000bac records: 2, size/record: 4, table size: 8
	index: 0, handler: __TI_decompress_lzss
	index: 1, handler: __TI_decompress_none


GLOBAL SYMBOLS: SORTED ALPHABETICALLY BY Name 

address   name                          
-------   ----                          
00000373  ADC14_IRQHandler              
00000373  AES256_IRQHandler             
00000373  BusFault_Handler              
00000b8b  C$$EXIT                       
00000373  COMP_E0_IRQHandler            
00000373  COMP_E1_IRQHandler            
00000b83  CPU_wfi                       
00000373  CS_IRQHandler                 
00000373  DMA_ERR_IRQHandler            
00000373  DMA_INT0_IRQHandler           
00000373  DMA_INT1_IRQHandler           
00000373  DMA_INT2_IRQHandler           
00000373  DMA_INT3_IRQHandler           
00000373  DebugMon_Handler              
00000373  Default_Handler               
00000373  EUSCIA0_IRQHandler            
00000373  EUSCIA1_IRQHandler            
00000373  EUSCIA2_IRQHandler            
00000373  EUSCIA3_IRQHandler            
00000373  EUSCIB0_IRQHandler            
00000373  EUSCIB1_IRQHandler            
00000373  EUSCIB2_IRQHandler            
00000373  EUSCIB3_IRQHandler            
00000373  FLCTL_A_IRQHandler            
00000373  FPU_IRQHandler                
00000373  HardFault_Handler             
00000373  LCD_F_IRQHandler              
00000373  MemManage_Handler             
00000373  NMI_Handler                   
00000373  PCM_IRQHandler                
00000925  PCM_getCoreVoltageLevel       
00000983  PCM_getPowerMode              
00000b25  PCM_getPowerState             
00000ad9  PCM_gotoLPM0                  
000007d5  PCM_gotoLPM3                  
00000b39  PCM_gotoLPM4                  
00000b49  PCM_setPowerMode              
00000b59  PCM_setPowerState             
000009dd  PCM_shutdownDevice            
000008c1  PORT1_IRQHandler              
000008c1  PORT1_IRQHandler              
00000373  PORT2_IRQHandler              
00000373  PORT3_IRQHandler              
00000373  PORT4_IRQHandler              
00000373  PORT5_IRQHandler              
00000373  PORT6_IRQHandler              
00000373  PSS_IRQHandler                
00000373  PendSV_Handler                
00000373  RTC_C_IRQHandler              
00000aad  RTC_C_holdClock               
00000b77  Reset_Handler                 
00000373  SVC_Handler                   
00000373  SysTick_Handler               
00000741  SystemInit                    
00000373  T32_INT1_IRQHandler           
00000373  T32_INT2_IRQHandler           
00000373  T32_INTC_IRQHandler           
00000373  TA0_0_IRQHandler              
00000373  TA0_N_IRQHandler              
00000373  TA1_0_IRQHandler              
00000373  TA1_N_IRQHandler              
00000373  TA2_0_IRQHandler              
00000373  TA2_N_IRQHandler              
00000373  TA3_0_IRQHandler              
00000373  TA3_N_IRQHandler              
00000373  UsageFault_Handler            
4000480c  WDTCTL_SYM                    
00000373  WDT_A_IRQHandler              
00000b01  WDT_A_holdTimer               
20040000  __STACK_END                   
00000200  __STACK_SIZE                  
00000bb4  __TI_CINIT_Base               
00000bbc  __TI_CINIT_Limit              
00000bac  __TI_Handler_Table_Base       
00000bb4  __TI_Handler_Table_Limit      
00000a31  __TI_auto_init_nobinit_nopinit
00000859  __TI_decompress_lzss          
00000b69  __TI_decompress_none          
ffffffff  __TI_pprof_out_hndl           
ffffffff  __TI_prof_data_size           
ffffffff  __TI_prof_data_start          
00000000  __TI_static_base__            
000006a5  __aeabi_memcpy                
000006a5  __aeabi_memcpy4               
000006a5  __aeabi_memcpy8               
ffffffff  __binit__                     
ffffffff  __c_args__                    
UNDEFED   __mpu_init                    
2003fe00  __stack                       
00000a75  _c_int00_noargs               
UNDEFED   _system_post_cinit            
00000b87  _system_pre_init              
00000b8b  abort                         
ffffffff  binit                         
00000000  interruptVectors              
000005d9  main                          
000006a5  memcpy                        
20000000  pwmConfig                     


GLOBAL SYMBOLS: SORTED BY Symbol Address 

address   name                          
-------   ----                          
00000000  __TI_static_base__            
00000000  interruptVectors              
00000200  __STACK_SIZE                  
00000373  ADC14_IRQHandler              
00000373  AES256_IRQHandler             
00000373  BusFault_Handler              
00000373  COMP_E0_IRQHandler            
00000373  COMP_E1_IRQHandler            
00000373  CS_IRQHandler                 
00000373  DMA_ERR_IRQHandler            
00000373  DMA_INT0_IRQHandler           
00000373  DMA_INT1_IRQHandler           
00000373  DMA_INT2_IRQHandler           
00000373  DMA_INT3_IRQHandler           
00000373  DebugMon_Handler              
00000373  Default_Handler               
00000373  EUSCIA0_IRQHandler            
00000373  EUSCIA1_IRQHandler            
00000373  EUSCIA2_IRQHandler            
00000373  EUSCIA3_IRQHandler            
00000373  EUSCIB0_IRQHandler            
00000373  EUSCIB1_IRQHandler            
00000373  EUSCIB2_IRQHandler            
00000373  EUSCIB3_IRQHandler            
00000373  FLCTL_A_IRQHandler            
00000373  FPU_IRQHandler                
00000373  HardFault_Handler             
00000373  LCD_F_IRQHandler              
00000373  MemManage_Handler             
00000373  NMI_Handler                   
00000373  PCM_IRQHandler                
00000373  PORT2_IRQHandler              
00000373  PORT3_IRQHandler              
00000373  PORT4_IRQHandler              
00000373  PORT5_IRQHandler              
00000373  PORT6_IRQHandler              
00000373  PSS_IRQHandler                
00000373  PendSV_Handler                
00000373  RTC_C_IRQHandler              
00000373  SVC_Handler                   
00000373  SysTick_Handler               
00000373  T32_INT1_IRQHandler           
00000373  T32_INT2_IRQHandler           
00000373  T32_INTC_IRQHandler           
00000373  TA0_0_IRQHandler              
00000373  TA0_N_IRQHandler              
00000373  TA1_0_IRQHandler              
00000373  TA1_N_IRQHandler              
00000373  TA2_0_IRQHandler              
00000373  TA2_N_IRQHandler              
00000373  TA3_0_IRQHandler              
00000373  TA3_N_IRQHandler              
00000373  UsageFault_Handler            
00000373  WDT_A_IRQHandler              
000005d9  main                          
000006a5  __aeabi_memcpy                
000006a5  __aeabi_memcpy4               
000006a5  __aeabi_memcpy8               
000006a5  memcpy                        
00000741  SystemInit                    
000007d5  PCM_gotoLPM3                  
00000859  __TI_decompress_lzss          
000008c1  PORT1_IRQHandler              
000008c1  PORT1_IRQHandler              
00000925  PCM_getCoreVoltageLevel       
00000983  PCM_getPowerMode              
000009dd  PCM_shutdownDevice            
00000a31  __TI_auto_init_nobinit_nopinit
00000a75  _c_int00_noargs               
00000aad  RTC_C_holdClock               
00000ad9  PCM_gotoLPM0                  
00000b01  WDT_A_holdTimer               
00000b25  PCM_getPowerState             
00000b39  PCM_gotoLPM4                  
00000b49  PCM_setPowerMode              
00000b59  PCM_setPowerState             
00000b69  __TI_decompress_none          
00000b77  Reset_Handler                 
00000b83  CPU_wfi                       
00000b87  _system_pre_init              
00000b8b  C$$EXIT                       
00000b8b  abort                         
00000bac  __TI_Handler_Table_Base       
00000bb4  __TI_CINIT_Base               
00000bb4  __TI_Handler_Table_Limit      
00000bbc  __TI_CINIT_Limit              
20000000  pwmConfig                     
2003fe00  __stack                       
20040000  __STACK_END                   
4000480c  WDTCTL_SYM                    
ffffffff  __TI_pprof_out_hndl           
ffffffff  __TI_prof_data_size           
ffffffff  __TI_prof_data_start          
ffffffff  __binit__                     
ffffffff  __c_args__                    
ffffffff  binit                         
UNDEFED   __mpu_init                    
UNDEFED   _system_post_cinit            

[98 symbols]
