******************************************************************************
                  TI ARM Linker PC v18.1.4                     
******************************************************************************
>> Linked Sat Mar 23 00:04:48 2019

OUTPUT FILE NAME:   <empty_MSP_EXP432P4111_nortos_ccs.out>
ENTRY POINT SYMBOL: "_c_int00_noargs"  address: 00000899


MEMORY CONFIGURATION

         name            origin    length      used     unused   attr    fill
----------------------  --------  ---------  --------  --------  ----  --------
  MAIN                  00000000   00200000  00000d04  001ff2fc  R  X
  INFO                  00200000   00008000  00000000  00008000  R  X
  SRAM_CODE             01000000   00040000  00000219  0003fde7  RW X
  SRAM_DATA             20000000   00040000  00000219  0003fde7  RW  


SEGMENT ALLOCATION MAP

run origin  load origin   length   init length attrs members
----------  ----------- ---------- ----------- ----- -------
00000000    00000000    00000d04   00000d04    r-x
  00000000    00000000    000000e8   000000e8    r-- .intvecs
  000000e8    000000e8    00000a64   00000a64    r-x .text
  00000b4c    00000b4c    0000018c   0000018c    r-- .const
  00000cd8    00000cd8    0000002c   0000002c    r-- .cinit
20000000    20000000    00000019   00000000    rw-
  20000000    20000000    00000019   00000000    rw- .data
2003fe00    2003fe00    00000200   00000000    rw-
  2003fe00    2003fe00    00000200   00000000    rw- .stack


SECTION ALLOCATION MAP

 output                                  attributes/
section   page    origin      length       input sections
--------  ----  ----------  ----------   ----------------
.intvecs   0    00000000    000000e8     
                  00000000    000000e8     startup_msp432p4111_ccs.obj (.intvecs:retain)

.text      0    000000e8    00000a64     
                  000000e8    000001dc     main.obj (.text:main)
                  000002c4    00000160     msp432p4xx_driverlib.lib : adc14.o (.text:_getIndexForMemRegister)
                  00000424    000000a4                              : adc14.o (.text:ADC14_configureConversionMemory)
                  000004c8    0000009c     rtsv7M4_T_le_v4SPD16_eabi.lib : memcpy_t2.asm.obj (.text)
                  00000564    00000094     system_msp432p4111.obj (.text:SystemInit)
                  000005f8    00000080     msp432p4xx_driverlib.lib : interrupt.o (.text:Interrupt_enableInterrupt)
                  00000678    00000068     rtsv7M4_T_le_v4SPD16_eabi.lib : copy_decompress_lzss.c.obj (.text:decompress:lzss:__TI_decompress_lzss)
                  000006e0    00000058     msp432p4xx_driverlib.lib : adc14.o (.text:ADC14_configureSingleSampleMode)
                  00000738    00000058     main.obj (.text:LED_toggle)
                  00000790    00000054     msp432p4xx_driverlib.lib : adc14.o (.text:ADC14_initModule)
                  000007e4    00000044     rtsv7M4_T_le_v4SPD16_eabi.lib : autoinit.c.obj (.text:__TI_auto_init_nobinit_nopinit:__TI_auto_init_nobinit_nopinit)
                  00000828    00000038     msp432p4xx_driverlib.lib : adc14.o (.text:ADC14_getEnabledInterruptStatus)
                  00000860    00000038     main.obj (.text:EUSCIA0_IRQHandler)
                  00000898    00000038     rtsv7M4_T_le_v4SPD16_eabi.lib : boot_cortex_m.c.obj (.text:_c_int00_noargs:_c_int00_noargs)
                  000008d0    00000034     msp432p4xx_driverlib.lib : adc14.o (.text:ADC14_enableSampleTimer)
                  00000904    00000034                              : cs.o (.text:CS_setDCOCenteredFrequency)
                  00000938    00000030                              : adc14.o (.text:ADC14_clearInterruptFlag)
                  00000968    00000030                              : adc14.o (.text:ADC14_enableInterrupt)
                  00000998    00000030                              : adc14.o (.text:ADC14_setSampleHoldTime)
                  000009c8    0000002c                              : adc14.o (.text:ADC14_getInterruptStatus)
                  000009f4    0000002c                              : adc14.o (.text:ADC14_toggleConversionTrigger)
                  00000a20    00000028                              : adc14.o (.text:ADC14_enableConversion)
                  00000a48    00000020                              : ref_a.o (.text:REF_A_setReferenceVoltage)
                  00000a68    00000020     main.obj (.text:SysTick_Handler)
                  00000a88    0000001e     main.obj (.text:my_printf)
                  00000aa6    00000002     startup_msp432p4111_ccs.obj (.text:Default_Handler)
                  00000aa8    0000001c     main.obj (.text:putchar)
                  00000ac4    00000014     main.obj (.text:ADC14_IRQHandler)
                  00000ad8    00000010     msp432p4xx_driverlib.lib : adc14.o (.text:ADCIsConversionRunning)
                  00000ae8    00000010                              : interrupt.o (.text:Interrupt_enableMaster)
                  00000af8    0000000e     rtsv7M4_T_le_v4SPD16_eabi.lib : copy_decompress_none.c.obj (.text:decompress:none:__TI_decompress_none)
                  00000b06    00000002     --HOLE-- [fill = 0]
                  00000b08    0000000c     msp432p4xx_driverlib.lib : adc14.o (.text:ADC14_enableModule)
                  00000b14    0000000c                              : cpu.o (.text:CPU_cpsie)
                  00000b20    0000000c                              : ref_a.o (.text:REF_A_enableReferenceVoltage)
                  00000b2c    0000000c                              : ref_a.o (.text:REF_A_enableTempSensor)
                  00000b38    0000000c     startup_msp432p4111_ccs.obj (.text:Reset_Handler)
                  00000b44    00000004     rtsv7M4_T_le_v4SPD16_eabi.lib : pre_init.c.obj (.text:_system_pre_init)
                  00000b48    00000004                                   : exit.c.obj (.text:abort:abort)

.const     0    00000b4c    0000018c     
                  00000b4c    000000d1     main.obj (.const:.string:$P$T8$10)
                  00000c1d    00000003     --HOLE-- [fill = 0]
                  00000c20    00000080     msp432p4xx_driverlib.lib : adc14.o (.const:_ctlRegs)
                  00000ca0    00000024     main.obj (.const:uartConfig)
                  00000cc4    00000009     main.obj (.const:.string:myData)
                  00000ccd    00000003     --HOLE-- [fill = 0]
                  00000cd0    00000008     msp432p4xx_driverlib.lib : interrupt.o (.const:g_pulEnRegs)

.cinit     0    00000cd8    0000002c     
                  00000cd8    0000001b     (.cinit..data.load) [load image, compression = lzss]
                  00000cf3    00000001     --HOLE-- [fill = 0]
                  00000cf4    00000008     (__TI_handler_table)
                  00000cfc    00000008     (__TI_cinit_table)

.init_array 
*          0    00000000    00000000     UNINITIALIZED

.binit     0    00000000    00000000     

.data      0    20000000    00000019     UNINITIALIZED
                  20000000    00000018     main.obj (.data:pwmConfig)
                  20000018    00000001     main.obj (.data)

.stack     0    2003fe00    00000200     UNINITIALIZED
                  2003fe00    00000004     rtsv7M4_T_le_v4SPD16_eabi.lib : boot_cortex_m.c.obj (.stack)
                  2003fe04    000001fc     --HOLE--

MODULE SUMMARY

       Module                        code   ro data   rw data
       ------                        ----   -------   -------
    .\
       main.obj                      730    254       50     
       system_msp432p4111.obj        148    0         0      
    +--+-----------------------------+------+---------+---------+
       Total:                        878    254       50     
                                                             
    .\ccs\
       startup_msp432p4111_ccs.obj   14     232       0      
    +--+-----------------------------+------+---------+---------+
       Total:                        14     232       0      
                                                             
    C:/ti/simplelink_msp432p4_sdk_2_40_00_10/source/ti/devices/msp432p4xx/driverlib/ccs/msp432p4xx_driverlib.lib
       adc14.o                       1096   128       0      
       interrupt.o                   144    8         0      
       ref_a.o                       56     0         0      
       cs.o                          52     0         0      
       cpu.o                         12     0         0      
    +--+-----------------------------+------+---------+---------+
       Total:                        1360   136       0      
                                                             
    C:\ti\ccsv8\tools\compiler\ti-cgt-arm_18.1.4.LTS\lib\rtsv7M4_T_le_v4SPD16_eabi.lib
       memcpy_t2.asm.obj             156    0         0      
       copy_decompress_lzss.c.obj    104    0         0      
       autoinit.c.obj                68     0         0      
       boot_cortex_m.c.obj           56     0         0      
       copy_decompress_none.c.obj    14     0         0      
       exit.c.obj                    4      0         0      
       pre_init.c.obj                4      0         0      
    +--+-----------------------------+------+---------+---------+
       Total:                        406    0         0      
                                                             
       Stack:                        0      0         1024   
       Linker Generated:             0      43        0      
    +--+-----------------------------+------+---------+---------+
       Grand Total:                  2658   665       1074   


LINKER GENERATED COPY TABLES

__TI_cinit_table @ 00000cfc records: 1, size/record: 8, table size: 8
	.data: load addr=00000cd8, load size=0000001b bytes, run addr=20000000, run size=00000019 bytes, compression=lzss


LINKER GENERATED HANDLER TABLE

__TI_handler_table @ 00000cf4 records: 2, size/record: 4, table size: 8
	index: 0, handler: __TI_decompress_lzss
	index: 1, handler: __TI_decompress_none


GLOBAL SYMBOLS: SORTED ALPHABETICALLY BY Name 

address   name                           
-------   ----                           
00000ac5  ADC14_IRQHandler               
00000ac5  ADC14_IRQHandler               
00000939  ADC14_clearInterruptFlag       
00000425  ADC14_configureConversionMemory
000006e1  ADC14_configureSingleSampleMode
00000a21  ADC14_enableConversion         
00000969  ADC14_enableInterrupt          
00000b09  ADC14_enableModule             
000008d1  ADC14_enableSampleTimer        
00000829  ADC14_getEnabledInterruptStatus
000009c9  ADC14_getInterruptStatus       
00000791  ADC14_initModule               
00000999  ADC14_setSampleHoldTime        
000009f5  ADC14_toggleConversionTrigger  
00000aa7  AES256_IRQHandler              
00000aa7  BusFault_Handler               
00000b49  C$$EXIT                        
00000aa7  COMP_E0_IRQHandler             
00000aa7  COMP_E1_IRQHandler             
00000b15  CPU_cpsie                      
00000aa7  CS_IRQHandler                  
00000905  CS_setDCOCenteredFrequency     
00000aa7  DMA_ERR_IRQHandler             
00000aa7  DMA_INT0_IRQHandler            
00000aa7  DMA_INT1_IRQHandler            
00000aa7  DMA_INT2_IRQHandler            
00000aa7  DMA_INT3_IRQHandler            
00000aa7  DebugMon_Handler               
00000aa7  Default_Handler                
00000861  EUSCIA0_IRQHandler             
00000861  EUSCIA0_IRQHandler             
00000aa7  EUSCIA1_IRQHandler             
00000aa7  EUSCIA2_IRQHandler             
00000aa7  EUSCIA3_IRQHandler             
00000aa7  EUSCIB0_IRQHandler             
00000aa7  EUSCIB1_IRQHandler             
00000aa7  EUSCIB2_IRQHandler             
00000aa7  EUSCIB3_IRQHandler             
00000aa7  FLCTL_A_IRQHandler             
00000aa7  FPU_IRQHandler                 
00000aa7  HardFault_Handler              
000005f9  Interrupt_enableInterrupt      
00000ae9  Interrupt_enableMaster         
00000aa7  LCD_F_IRQHandler               
00000739  LED_toggle                     
00000aa7  MemManage_Handler              
00000aa7  NMI_Handler                    
00000aa7  PCM_IRQHandler                 
00000aa7  PORT1_IRQHandler               
00000aa7  PORT2_IRQHandler               
00000aa7  PORT3_IRQHandler               
00000aa7  PORT4_IRQHandler               
00000aa7  PORT5_IRQHandler               
00000aa7  PORT6_IRQHandler               
00000aa7  PSS_IRQHandler                 
00000aa7  PendSV_Handler                 
00000b21  REF_A_enableReferenceVoltage   
00000b2d  REF_A_enableTempSensor         
00000a49  REF_A_setReferenceVoltage      
00000aa7  RTC_C_IRQHandler               
00000b39  Reset_Handler                  
00000aa7  SVC_Handler                    
00000a69  SysTick_Handler                
00000a69  SysTick_Handler                
00000565  SystemInit                     
00000aa7  T32_INT1_IRQHandler            
00000aa7  T32_INT2_IRQHandler            
00000aa7  T32_INTC_IRQHandler            
00000aa7  TA0_0_IRQHandler               
00000aa7  TA0_N_IRQHandler               
00000aa7  TA1_0_IRQHandler               
00000aa7  TA1_N_IRQHandler               
00000aa7  TA2_0_IRQHandler               
00000aa7  TA2_N_IRQHandler               
00000aa7  TA3_0_IRQHandler               
00000aa7  TA3_N_IRQHandler               
00000aa7  UsageFault_Handler             
4000480c  WDTCTL_SYM                     
00000aa7  WDT_A_IRQHandler               
20040000  __STACK_END                    
00000200  __STACK_SIZE                   
00000cfc  __TI_CINIT_Base                
00000d04  __TI_CINIT_Limit               
00000cf4  __TI_Handler_Table_Base        
00000cfc  __TI_Handler_Table_Limit       
000007e5  __TI_auto_init_nobinit_nopinit 
00000679  __TI_decompress_lzss           
00000af9  __TI_decompress_none           
ffffffff  __TI_pprof_out_hndl            
ffffffff  __TI_prof_data_size            
ffffffff  __TI_prof_data_start           
00000000  __TI_static_base__             
000004c9  __aeabi_memcpy                 
000004c9  __aeabi_memcpy4                
000004c9  __aeabi_memcpy8                
ffffffff  __binit__                      
ffffffff  __c_args__                     
UNDEFED   __mpu_init                     
2003fe00  __stack                        
00000899  _c_int00_noargs                
UNDEFED   _system_post_cinit             
00000b45  _system_pre_init               
00000b49  abort                          
ffffffff  binit                          
00000000  interruptVectors               
000000e9  main                           
000004c9  memcpy                         
00000a89  my_printf                      
00000aa9  putchar                        
20000000  pwmConfig                      
00000ca0  uartConfig                     


GLOBAL SYMBOLS: SORTED BY Symbol Address 

address   name                           
-------   ----                           
00000000  __TI_static_base__             
00000000  interruptVectors               
000000e9  main                           
00000200  __STACK_SIZE                   
00000425  ADC14_configureConversionMemory
000004c9  __aeabi_memcpy                 
000004c9  __aeabi_memcpy4                
000004c9  __aeabi_memcpy8                
000004c9  memcpy                         
00000565  SystemInit                     
000005f9  Interrupt_enableInterrupt      
00000679  __TI_decompress_lzss           
000006e1  ADC14_configureSingleSampleMode
00000739  LED_toggle                     
00000791  ADC14_initModule               
000007e5  __TI_auto_init_nobinit_nopinit 
00000829  ADC14_getEnabledInterruptStatus
00000861  EUSCIA0_IRQHandler             
00000861  EUSCIA0_IRQHandler             
00000899  _c_int00_noargs                
000008d1  ADC14_enableSampleTimer        
00000905  CS_setDCOCenteredFrequency     
00000939  ADC14_clearInterruptFlag       
00000969  ADC14_enableInterrupt          
00000999  ADC14_setSampleHoldTime        
000009c9  ADC14_getInterruptStatus       
000009f5  ADC14_toggleConversionTrigger  
00000a21  ADC14_enableConversion         
00000a49  REF_A_setReferenceVoltage      
00000a69  SysTick_Handler                
00000a69  SysTick_Handler                
00000a89  my_printf                      
00000aa7  AES256_IRQHandler              
00000aa7  BusFault_Handler               
00000aa7  COMP_E0_IRQHandler             
00000aa7  COMP_E1_IRQHandler             
00000aa7  CS_IRQHandler                  
00000aa7  DMA_ERR_IRQHandler             
00000aa7  DMA_INT0_IRQHandler            
00000aa7  DMA_INT1_IRQHandler            
00000aa7  DMA_INT2_IRQHandler            
00000aa7  DMA_INT3_IRQHandler            
00000aa7  DebugMon_Handler               
00000aa7  Default_Handler                
00000aa7  EUSCIA1_IRQHandler             
00000aa7  EUSCIA2_IRQHandler             
00000aa7  EUSCIA3_IRQHandler             
00000aa7  EUSCIB0_IRQHandler             
00000aa7  EUSCIB1_IRQHandler             
00000aa7  EUSCIB2_IRQHandler             
00000aa7  EUSCIB3_IRQHandler             
00000aa7  FLCTL_A_IRQHandler             
00000aa7  FPU_IRQHandler                 
00000aa7  HardFault_Handler              
00000aa7  LCD_F_IRQHandler               
00000aa7  MemManage_Handler              
00000aa7  NMI_Handler                    
00000aa7  PCM_IRQHandler                 
00000aa7  PORT1_IRQHandler               
00000aa7  PORT2_IRQHandler               
00000aa7  PORT3_IRQHandler               
00000aa7  PORT4_IRQHandler               
00000aa7  PORT5_IRQHandler               
00000aa7  PORT6_IRQHandler               
00000aa7  PSS_IRQHandler                 
00000aa7  PendSV_Handler                 
00000aa7  RTC_C_IRQHandler               
00000aa7  SVC_Handler                    
00000aa7  T32_INT1_IRQHandler            
00000aa7  T32_INT2_IRQHandler            
00000aa7  T32_INTC_IRQHandler            
00000aa7  TA0_0_IRQHandler               
00000aa7  TA0_N_IRQHandler               
00000aa7  TA1_0_IRQHandler               
00000aa7  TA1_N_IRQHandler               
00000aa7  TA2_0_IRQHandler               
00000aa7  TA2_N_IRQHandler               
00000aa7  TA3_0_IRQHandler               
00000aa7  TA3_N_IRQHandler               
00000aa7  UsageFault_Handler             
00000aa7  WDT_A_IRQHandler               
00000aa9  putchar                        
00000ac5  ADC14_IRQHandler               
00000ac5  ADC14_IRQHandler               
00000ae9  Interrupt_enableMaster         
00000af9  __TI_decompress_none           
00000b09  ADC14_enableModule             
00000b15  CPU_cpsie                      
00000b21  REF_A_enableReferenceVoltage   
00000b2d  REF_A_enableTempSensor         
00000b39  Reset_Handler                  
00000b45  _system_pre_init               
00000b49  C$$EXIT                        
00000b49  abort                          
00000ca0  uartConfig                     
00000cf4  __TI_Handler_Table_Base        
00000cfc  __TI_CINIT_Base                
00000cfc  __TI_Handler_Table_Limit       
00000d04  __TI_CINIT_Limit               
20000000  pwmConfig                      
2003fe00  __stack                        
20040000  __STACK_END                    
4000480c  WDTCTL_SYM                     
ffffffff  __TI_pprof_out_hndl            
ffffffff  __TI_prof_data_size            
ffffffff  __TI_prof_data_start           
ffffffff  __binit__                      
ffffffff  __c_args__                     
ffffffff  binit                          
UNDEFED   __mpu_init                     
UNDEFED   _system_post_cinit             

[111 symbols]
