******************************************************************************
                  TI ARM Linker PC v18.1.4                     
******************************************************************************
>> Linked Sat Mar 16 17:54:36 2019

OUTPUT FILE NAME:   <display_MSP_EXP432P4111_nortos_ccs.out>
ENTRY POINT SYMBOL: "resetISR"  address: 000065b1


MEMORY CONFIGURATION

         name            origin    length      used     unused   attr    fill
----------------------  --------  ---------  --------  --------  ----  --------
  MAIN                  00000000   00200000  00007498  001f8b68  R  X
  INFO                  00200000   00008000  00000000  00008000  R  X
  SRAM_CODE             01000000   00040000  0000a9a3  0003565d  RW X
  SRAM_DATA             20000000   00040000  0000a9a3  0003565d  RW  


SEGMENT ALLOCATION MAP

run origin  load origin   length   init length attrs members
----------  ----------- ---------- ----------- ----- -------
00000000    00000000    00007498   00007498    r-x
  00000000    00000000    00000144   00000144    r-- .intvecs
  00000144    00000144    000068c4   000068c4    r-x .text
  00006a08    00006a08    00000990   00000990    r-- .const
  00007398    00007398    00000100   00000100    r-- .cinit
20000000    20000000    000098bb   00000000    rw-
  20000000    20000000    00008000   00000000    rw- .sysmem
  20008000    20008000    00001574   00000000    rw- .bss
  20009574    20009574    00000347   00000000    rw- .data
20009c00    20009c00    000000e8   00000000    rw-
  20009c00    20009c00    000000e8   00000000    rw- .vtable
2003f000    2003f000    00001000   00000000    rw-
  2003f000    2003f000    00001000   00000000    rw- .stack


SECTION ALLOCATION MAP

 output                                  attributes/
section   page    origin      length       input sections
--------  ----  ----------  ----------   ----------------
.text      0    00000144    000068c4     
                  00000144    0000047e     grlib.a : string.obj (.text:Graphics_drawString)
                  000005c2    00000390             : image.obj (.text:Graphics_drawImage)
                  00000952    00000002     display.aem4f : DisplaySharp.oem4f (.text:DisplaySharp_init)
                  00000954    000002d8     nortos_msp432p4x1xi.aem4f : SystemP_nortos.oem4f (.text:doPrint)
                  00000c2c    000002d4     drivers_msp432p4x1xi.aem4f : PowerMSP432.oem4f (.text:Power_sleep)
                  00000f00    000002cc                                : UARTMSP432.oem4f (.text:UARTMSP432_open)
                  000011cc    000002bc     display.obj (.text:mainThread)
                  00001488    0000028c     drivers_msp432p4x1xi.aem4f : SPIMSP432DMA.oem4f (.text:SPIMSP432DMA_open)
                  00001714    0000028a     msp432p4xx_driverlib.lib : pcm.o (.text:__PCM_setPowerStateAdvanced)
                  0000199e    00000002     display.aem4f : DisplayUart.oem4f (.text:DisplayUartAnsi_init)
                  000019a0    00000274     drivers_msp432p4x1xi.aem4f : PowerMSP432.oem4f (.text:initPerfControl)
                  00001c14    000001b6     rtsv7M4_T_le_v4SPD16_eabi.lib : fd_add_t2.asm.obj (.text)
                  00001dca    00000002     msp432p4xx_driverlib.lib : interrupt.o (.text:IntDefaultHandler)
                  00001dcc    00000178     drivers_msp432p4x1xi.aem4f : GPIOMSP432.oem4f (.text:GPIO_setConfig)
                  00001f44    0000015c     msp432p4xx_driverlib.lib : pcm.o (.text:__PCM_setPowerModeAdvanced)
                  000020a0    00000130     drivers_msp432p4x1xi.aem4f : UDMAMSP432.oem4f (.text:setupInterrupt)
                  000021d0    00000120                                : SPIMSP432DMA.oem4f (.text:SPIMSP432DMA_transfer)
                  000022f0    00000112     grlib.a : rectangle.obj (.text:Graphics_fillRectangle)
                  00002402    00000002     nortos_msp432p4x1xi.aem4f : PowerMSP432_nortos.oem4f (.text:PowerMSP432_initPolicy)
                  00002404    00000108     msp432p4xx_driverlib.lib : pcm.o (.text:__PCM_setCoreVoltageLevelAdvanced)
                  0000250c    000000fc     drivers_msp432p4x1xi.aem4f : SPIMSP432DMA.oem4f (.text:SPIMSP432DMA_transferCancel)
                  00002608    000000fc                                : SPIMSP432DMA.oem4f (.text:configDMA)
                  00002704    000000fc     rtsv7M4_T_le_v4SPD16_eabi.lib : fd_mul_t2.asm.obj (.text)
                  00002800    000000f0     msp432p4xx_driverlib.lib : dma.o (.text:DMA_setChannelTransfer)
                  000028f0    000000f0     display.aem4f : DisplaySharp.oem4f (.text:DisplaySharp_open)
                  000029e0    000000e6                   : SharpGrLib.oem4f (.text:SharpGrLib_rectFill)
                  00002ac6    00000002     nortos_msp432p4x1xi.aem4f : PowerMSP432_nortos.oem4f (.text:PowerMSP432_updateFreqs)
                  00002ac8    000000e4     msp432p4xx_driverlib.lib : cs.o (.text:CS_startHFXTWithTimeout)
                  00002bac    000000e4     display.aem4f : SharpGrLib.oem4f (.text:SharpGrLib_flush)
                  00002c90    000000e0     msp432p4xx_driverlib.lib : cs.o (.text:CS_startLFXTWithTimeout)
                  00002d70    000000dc     drivers_msp432p4x1xi.aem4f : UARTMSP432.oem4f (.text:UARTMSP432_readPolling)
                  00002e4c    000000dc                                : UDMAMSP432.oem4f (.text:UDMAMSP432_close)
                  00002f28    000000dc     msp432p4xx_driverlib.lib : cs.o (.text:_CSGetHFXTFrequency)
                  00003004    000000d8     nortos_msp432p4x1xi.aem4f : SwiP_nortos.oem4f (.text:SwiP_construct)
                  000030dc    000000d8     rtsv7M4_T_le_v4SPD16_eabi.lib : memory.c.obj (.text:free)
                  000031b4    000000c0     nortos_msp432p4x1xi.aem4f : TimerPMSP432_nortos.oem4f (.text:TimerP_construct)
                  00003274    000000bc     drivers_msp432p4x1xi.aem4f : UARTMSP432.oem4f (.text:initHw)
                  00003330    000000ba                                : UARTMSP432.oem4f (.text:UARTMSP432_hwiIntFxn)
                  000033ea    000000b8     display.aem4f : DisplaySharp.oem4f (.text:DisplaySharp_vprintf)
                  000034a2    000000b8     drivers_msp432p4x1xi.aem4f : UARTMSP432.oem4f (.text:readTaskCallback)
                  0000355a    00000002     nortos_msp432p4x1xi.aem4f : SemaphoreP_nortos.oem4f (.text:SemaphoreP_destruct)
                  0000355c    000000b4                               : ClockPTimer_nortos.oem4f (.text:ClockP_startup)
                  00003610    000000b4     display.aem4f : DisplaySharp.oem4f (.text:DisplaySharp_control)
                  000036c4    000000b4     drivers_msp432p4x1xi.aem4f : UARTMSP432.oem4f (.text:UARTMSP432_writePolling)
                  00003778    000000b0     msp432p4xx_driverlib.lib : spi.o (.text:SPI_initMaster)
                  00003828    000000ac     nortos_msp432p4x1xi.aem4f : ClockPTimer_nortos.oem4f (.text:ClockP_workFuncDynamic)
                  000038d4    000000ac     display.aem4f : DisplayUart.oem4f (.text:DisplayUartAnsi_clearLines)
                  00003980    000000ac     drivers_msp432p4x1xi.aem4f : GPIOMSP432.oem4f (.text:GPIO_init)
                  00003a2c    000000aa     display.aem4f : SharpGrLib.oem4f (.text:SharpGrLib_lineDrawH)
                  00003ad6    00000002     drivers_msp432p4x1xi.aem4f : UARTMSP432.oem4f (.text:UARTMSP432_init)
                  00003ad8    000000a8                                : UARTMSP432.oem4f (.text:UARTMSP432_control)
                  00003b80    000000a8                                : UARTMSP432.oem4f (.text:readTaskBlocking)
                  00003c28    000000a7     display.aem4f : DisplayUart.oem4f (.text:DisplayUartAnsi_open)
                  00003ccf    00000001     --HOLE-- [fill = 0]
                  00003cd0    000000a0     nortos_msp432p4x1xi.aem4f : SemaphoreP_nortos.oem4f (.text:SemaphoreP_pend)
                  00003d70    000000a0     drivers_msp432p4x1xi.aem4f : UARTMSP432.oem4f (.text:readIsrTextCallback)
                  00003e10    0000009f     display.aem4f : DisplayUart.oem4f (.text:DisplayUartAnsi_vprintf)
                  00003eaf    00000001     --HOLE-- [fill = 0]
                  00003eb0    0000009c     grlib.a : line.obj (.text:Graphics_drawLineH)
                  00003f4c    0000009c     nortos_msp432p4x1xi.aem4f : SwiP_nortos.oem4f (.text:SwiP_dispatch)
                  00003fe8    0000009c     rtsv7M4_T_le_v4SPD16_eabi.lib : memcpy_t2.asm.obj (.text)
                  00004084    00000096                                   : ull_div_t2.asm.obj (.text)
                  0000411a    00000002                                   : _lock.c.obj (.text:_nop)
                  0000411c    00000094     drivers_msp432p4x1xi.aem4f : UDMAMSP432.oem4f (.text:UDMAMSP432_init)
                  000041b0    00000094                                : UDMAMSP432.oem4f (.text:UDMAMSP432_open)
                  00004244    00000092                                : UARTMSP432.oem4f (.text:writeData)
                  000042d6    00000002     nortos_msp432p4x1xi.aem4f : startup_msp432_ccs.oem4f (.text:busFaultISR)
                  000042d8    00000090     drivers_msp432p4x1xi.aem4f : PowerMSP432.oem4f (.text:Power_init)
                  00004368    00000090     display.aem4f : SharpGrLib.oem4f (.text:SharpGrLib_clearScreen)
                  000043f8    0000008c     drivers_msp432p4x1xi.aem4f : UARTMSP432.oem4f (.text:UARTMSP432_close)
                  00004484    0000008c                                : UARTMSP432.oem4f (.text:readIsrTextBlocking)
                  00004510    0000008a                                : UARTMSP432.oem4f (.text:UARTMSP432_write)
                  0000459a    00000086     rtsv7M4_T_le_v4SPD16_eabi.lib : fd_cmp_t2.asm.obj (.text:__aeabi_cdcmple)
                  00004620    00000086     drivers_msp432p4x1xi.aem4f : SPIMSP432DMA.oem4f (.text:initHw)
                  000046a6    00000002     nortos_msp432p4x1xi.aem4f : SemaphoreP_nortos.oem4f (.text:clkFxn)
                  000046a8    00000084     msp432p4xx_driverlib.lib : pcm.o (.text:PCM_gotoLPM3)
                  0000472c    00000084     drivers_msp432p4x1xi.aem4f : PowerMSP432.oem4f (.text:restartHFXT)
                  000047b0    00000080     nortos_msp432p4x1xi.aem4f : ClockPTimer_nortos.oem4f (.text:ClockP_start)
                  00004830    00000080     msp432p4xx_driverlib.lib : interrupt.o (.text:Interrupt_disableInterrupt)
                  000048b0    00000080                              : interrupt.o (.text:Interrupt_enableInterrupt)
                  00004930    0000007a     rtsv7M4_T_le_v4SPD16_eabi.lib : memset_t2.asm.obj (.text)
                  000049aa    00000002     nortos_msp432p4x1xi.aem4f : startup_msp432_ccs.oem4f (.text:defaultISR)
                  000049ac    00000078                               : ClockPTimer_nortos.oem4f (.text:ClockP_walkQueueDynamic)
                  00004a24    00000078     rtsv7M4_T_le_v4SPD16_eabi.lib : memory.c.obj (.text:malloc)
                  00004a9c    00000070     nortos_msp432p4x1xi.aem4f : HwiPMSP432_nortos.oem4f (.text:HwiP_construct)
                  00004b0c    0000006d                               : SystemP_nortos.oem4f (.text:formatNum)
                  00004b79    00000001     --HOLE-- [fill = 0]
                  00004b7a    00000002                               : startup_msp432_ccs.oem4f (.text:faultISR)
                  00004b7c    0000006c     grlib.a : image.obj (.text:Graphics_convertPalette)
                  00004be8    0000006c     nortos_msp432p4x1xi.aem4f : TimerPMSP432_nortos.oem4f (.text:TimerP_getCurrentTick)
                  00004c54    00000068                               : ClockPTimer_nortos.oem4f (.text:ClockP_usleep)
                  00004cbc    00000068     drivers_msp432p4x1xi.aem4f : GPIOMSP432.oem4f (.text:GPIO_hwiIntFxn)
                  00004d24    00000068     msp432p4xx_driverlib.lib : interrupt.o (.text:Interrupt_pendInterrupt)
                  00004d8c    00000068     nortos_msp432p4x1xi.aem4f : SwiP_nortos.oem4f (.text:SwiP_post)
                  00004df4    00000068     rtsv7M4_T_le_v4SPD16_eabi.lib : copy_decompress_lzss.c.obj (.text:decompress:lzss:__TI_decompress_lzss)
                  00004e5c    00000064     drivers_msp432p4x1xi.aem4f : PowerMSP432.oem4f (.text:PowerMSP432_getFreqs)
                  00004ec0    00000064                                : SPIMSP432DMA.oem4f (.text:SPIMSP432DMA_close)
                  00004f24    00000062                                : UARTMSP432.oem4f (.text:UARTMSP432_writeCancel)
                  00004f86    0000005e     msp432p4xx_driverlib.lib : pcm.o (.text:PCM_getCoreVoltageLevel)
                  00004fe4    0000005c     display.aem4f : Display.oem4f (.text:Display_doOpen)
                  00005040    0000005c     drivers_msp432p4x1xi.aem4f : GPIOMSP432.oem4f (.text:GPIO_write)
                  0000509c    0000005c     msp432p4xx_driverlib.lib : interrupt.o (.text:Interrupt_registerInterrupt)
                  000050f8    0000005a                              : pcm.o (.text:PCM_getPowerMode)
                  00005152    00000002     nortos_msp432p4x1xi.aem4f : startup_msp432_ccs.oem4f (.text:nmiISR)
                  00005154    00000058     drivers_msp432p4x1xi.aem4f : GPIOMSP432.oem4f (.text:GPIO_setCallback)
                  000051ac    00000058     msp432p4xx_driverlib.lib : interrupt.o (.text:Interrupt_unpendInterrupt)
                  00005204    00000058     display.aem4f : SharpGrLib.oem4f (.text:SharpGrLib_lineDrawV)
                  0000525c    00000058     nortos_msp432p4x1xi.aem4f : TimerPMSP432_nortos.oem4f (.text:TimerP_dynamicStub)
                  000052b4    00000058     drivers_msp432p4x1xi.aem4f : UARTMSP432.oem4f (.text:readIsrBinaryBlocking)
                  0000530c    00000054     msp432p4xx_driverlib.lib : interrupt.o (.text:Interrupt_setPriority)
                  00005360    00000054                              : pcm.o (.text:PCM_shutdownDevice)
                  000053b4    00000054     nortos_msp432p4x1xi.aem4f : TimerPMSP432_nortos.oem4f (.text:TimerP_getCount64)
                  00005408    00000054     drivers_msp432p4x1xi.aem4f : SPIMSP432DMA.oem4f (.text:spiHwiFxn)
                  0000545c    00000052     grlib.a : context.obj (.text:Graphics_initContext)
                  000054ae    00000002     rtsv7M4_T_le_v4SPD16_eabi.lib : div0.asm.obj (.text)
                  000054b0    00000050     nortos_msp432p4x1xi.aem4f : SemaphoreP_nortos.oem4f (.text:SemaphoreP_construct)
                  00005500    00000050     drivers_msp432p4x1xi.aem4f : UDMAMSP432.oem4f (.text:UDMAMSP432_hwiFxn)
                  00005550    0000004e     display.aem4f : DisplaySharp.oem4f (.text:DisplaySharp_clearLines)
                  0000559e    00000002     --HOLE-- [fill = 0]
                  000055a0    0000004c     drivers_msp432p4x1xi.aem4f : UARTMSP432.oem4f (.text:readIsrBinaryCallback)
                  000055ec    00000048     nortos_msp432p4x1xi.aem4f : ClockPTimer_nortos.oem4f (.text:ClockP_construct)
                  00005634    00000048                               : PowerMSP432_nortos.oem4f (.text:PowerMSP432_sleepPolicy)
                  0000567c    00000048     drivers_msp432p4x1xi.aem4f : PowerMSP432.oem4f (.text:Power_releaseConstraint)
                  000056c4    00000048     rtsv7M4_T_le_v4SPD16_eabi.lib : fd_toi_t2.asm.obj (.text)
                  0000570c    00000046     grlib.a : display.obj (.text:Graphics_drawMultiplePixelsOnDisplay)
                  00005752    00000046     drivers_msp432p4x1xi.aem4f : RingBuf.oem4f (.text:RingBuf_put)
                  00005798    00000046     display.aem4f : SharpGrLib.oem4f (.text:SharpGrLib_drawMultiple)
                  000057de    00000002     --HOLE-- [fill = 0]
                  000057e0    00000044     drivers_msp432p4x1xi.aem4f : SPI.oem4f (.text:SPI_init)
                  00005824    00000044     nortos_msp432p4x1xi.aem4f : SemaphoreP_nortos.oem4f (.text:SemaphoreP_post)
                  00005868    00000044                               : SwiP_nortos.oem4f (.text:SwiP_restore)
                  000058ac    00000044                               : TimerPMSP432_nortos.oem4f (.text:TimerP_start)
                  000058f0    00000044     drivers_msp432p4x1xi.aem4f : UART.oem4f (.text:UART_init)
                  00005934    00000044     rtsv7M4_T_le_v4SPD16_eabi.lib : autoinit.c.obj (.text:__TI_auto_init_nobinit_nopinit:__TI_auto_init_nobinit_nopinit)
                  00005978    00000044                                   : fd_tou_t2.asm.obj (.text)
                  000059bc    00000042     display.aem4f : SharpGrLib.oem4f (.text:SharpGrLib_pixelDraw)
                  000059fe    00000040     grlib.a : string.obj (.text:Graphics_getNumberOfLeadingZeros)
                  00005a3e    00000040     drivers_msp432p4x1xi.aem4f : RingBuf.oem4f (.text:RingBuf_get)
                  00005a7e    00000040     nortos_msp432p4x1xi.aem4f : TimerPMSP432_nortos.oem4f (.text:TimerP_setNextTick)
                  00005abe    00000040     drivers_msp432p4x1xi.aem4f : UARTMSP432.oem4f (.text:UARTMSP432_read)
                  00005afe    00000002     --HOLE-- [fill = 0]
                  00005b00    00000040     msp432p4xx_driverlib.lib : spi.o (.text:is_A_Module)
                  00005b40    00000040     drivers_msp432p4x1xi.aem4f : UARTMSP432.oem4f (.text:perfChangeNotifyFxn)
                  00005b80    00000040     rtsv7M4_T_le_v4SPD16_eabi.lib : u_divt2.asm.obj (.text)
                  00005bc0    0000003c     drivers_msp432p4x1xi.aem4f : SPI.oem4f (.text:SPI_open)
                  00005bfc    0000003c     nortos_msp432p4x1xi.aem4f : TimerPMSP432_nortos.oem4f (.text:TimerP_initDevice)
                  00005c38    0000003c     drivers_msp432p4x1xi.aem4f : UART.oem4f (.text:UART_open)
                  00005c74    0000003c     rtsv7M4_T_le_v4SPD16_eabi.lib : memory.c.obj (.text:minsert)
                  00005cb0    00000038     drivers_msp432p4x1xi.aem4f : GPIOMSP432.oem4f (.text:GPIO_toggle)
                  00005ce8    00000038                                : PowerMSP432.oem4f (.text:Power_setConstraint)
                  00005d20    00000038     rtsv7M4_T_le_v4SPD16_eabi.lib : boot_cortex_m.c.obj (.text:_c_int00_noargs:_c_int00_noargs)
                  00005d58    00000038                                   : memory.c.obj (.text:minit)
                  00005d90    00000038     drivers_msp432p4x1xi.aem4f : PowerMSP432.oem4f (.text:notify)
                  00005dc8    00000036     grlib.a : display.obj (.text:Graphics_drawHorizontalLineOnDisplay)
                  00005dfe    00000036     drivers_msp432p4x1xi.aem4f : UARTMSP432.oem4f (.text:UARTMSP432_readCancel)
                  00005e34    00000034     display.aem4f : DisplaySharp.oem4f (.text:DisplaySharp_close)
                  00005e68    00000030     drivers_msp432p4x1xi.aem4f : SPIMSP432DMA.oem4f (.text:mapPin)
                  00005e98    00000030                                : UARTMSP432.oem4f (.text:mapPin)
                  00005ec8    0000002e     display.aem4f : SharpGrLib.oem4f (.text:SharpGrLib_initializeDisplayBuffer)
                  00005ef6    0000002e     rtsv7M4_T_le_v4SPD16_eabi.lib : i_tofd_t2.asm.obj (.text)
                  00005f24    0000002c     grlib.a : display.obj (.text:Graphics_drawPixelOnDisplay)
                  00005f50    0000002c     msp432p4xx_driverlib.lib : rtc_c.o (.text:RTC_C_holdClock)
                  00005f7c    0000002a     display.aem4f : DisplayUart.oem4f (.text:DisplayUartAnsi_clear)
                  00005fa6    0000002a                   : Display.oem4f (.text:Display_doPrintf)
                  00005fd0    0000002a     nortos_msp432p4x1xi.aem4f : HwiPMSP432_nortos.oem4f (.text:HwiP_create)
                  00005ffa    0000002a     drivers_msp432p4x1xi.aem4f : SPIMSP432DMA.oem4f (.text:perfChangeNotifyFxn)
                  00006024    00000028     nortos_msp432p4x1xi.aem4f : ClockPTimer_nortos.oem4f (.text:ClockP_sleep)
                  0000604c    00000028     display.aem4f : Display.oem4f (.text:Display_doInit)
                  00006074    00000028     msp432p4xx_driverlib.lib : pcm.o (.text:PCM_gotoLPM0)
                  0000609c    00000028     drivers_msp432p4x1xi.aem4f : PowerMSP432.oem4f (.text:Power_registerNotify)
                  000060c4    00000028     msp432p4xx_driverlib.lib : spi.o (.text:SPI_getInterruptStatus)
                  000060ec    00000028     drivers_msp432p4x1xi.aem4f : PowerMSP432.oem4f (.text:disableFaultCounter)
                  00006114    00000028                                : PowerMSP432.oem4f (.text:disableHFXT)
                  0000613c    00000028                                : UARTMSP432.oem4f (.text:findBaudDividerIndex)
                  00006164    00000028     rtsv7M4_T_le_v4SPD16_eabi.lib : memory.c.obj (.text:mremove)
                  0000618c    00000026     drivers_msp432p4x1xi.aem4f : List.oem4f (.text:List_put)
                  000061b2    00000026                                : List.oem4f (.text:List_remove)
                  000061d8    00000024     nortos_msp432p4x1xi.aem4f : ClockPTimer_nortos.oem4f (.text:ClockP_getTicks)
                  000061fc    00000024                               : ClockPTimer_nortos.oem4f (.text:ClockP_scheduleNextTick)
                  00006220    00000024     display.aem4f : DisplaySharp.oem4f (.text:DisplaySharp_clear)
                  00006244    00000024     nortos_msp432p4x1xi.aem4f : HwiPMSP432_nortos.oem4f (.text:HwiP_dispatch)
                  00006268    00000024     display.aem4f : SharpGrLib.oem4f (.text:SharpGrLib_init)
                  0000628c    00000024     msp432p4xx_driverlib.lib : wdt_a.o (.text:WDT_A_holdTimer)
                  000062b0    00000024     nortos_msp432p4x1xi.aem4f : ClockPTimer_nortos.oem4f (.text:sleepTicks)
                  000062d4    00000020     msp432p4xx_driverlib.lib : cs.o (.text:CS_setExternalClockSourceFrequency)
                  000062f4    00000020     nortos_msp432p4x1xi.aem4f : ClockPTimer_nortos.oem4f (.text:ClockP_add)
                  00006314    00000020     drivers_msp432p4x1xi.aem4f : GPIOMSP432.oem4f (.text:GPIO_read)
                  00006334    00000020                                : PowerMSP432.oem4f (.text:Power_unregisterNotify)
                  00006354    00000020     nortos_msp432p4x1xi.aem4f : QueueP_nortos.oem4f (.text:QueueP_put)
                  00006374    00000020     drivers_msp432p4x1xi.aem4f : RingBuf.oem4f (.text:RingBuf_peek)
                  00006394    0000001e     grlib.a : display.obj (.text:Graphics_fillRectangleOnDisplay)
                  000063b2    00000002     --HOLE-- [fill = 0]
                  000063b4    0000001c     msp432p4xx_driverlib.lib : interrupt.o (.text:Interrupt_unregisterInterrupt)
                  000063d0    0000001c     nortos_msp432p4x1xi.aem4f : SwiP_nortos.oem4f (.text:SwiP_disable)
                  000063ec    0000001c     MSP_EXP432P4111.obj (.text:dmaErrorHwi)
                  00006408    0000001a     nortos_msp432p4x1xi.aem4f : ClockPTimer_nortos.oem4f (.text:ClockP_create)
                  00006422    0000001a     grlib.a : display.obj (.text:Graphics_clearDisplayOnDisplay)
                  0000643c    0000001a             : context.obj (.text:Graphics_setBackgroundColor)
                  00006456    0000001a             : context.obj (.text:Graphics_setFont)
                  00006470    0000001a     nortos_msp432p4x1xi.aem4f : QueueP_nortos.oem4f (.text:QueueP_get)
                  0000648a    0000001a                               : SemaphoreP_nortos.oem4f (.text:SemaphoreP_createBinary)
                  000064a4    0000001a                               : SystemP_nortos.oem4f (.text:SystemP_snprintf)
                  000064be    00000018                               : ClockPTimer_nortos.oem4f (.text:ClockP_destruct)
                  000064d6    00000018     display.aem4f : DisplayExt.oem4f (.text:DisplayExt_doGetGraphicsContext)
                  000064ee    00000018     msp432p4xx_driverlib.lib : spi.o (.text:EUSCI_A_SPI_getInterruptStatus)
                  00006506    00000018                              : spi.o (.text:EUSCI_B_SPI_getInterruptStatus)
                  0000651e    00000018     nortos_msp432p4x1xi.aem4f : HwiPMSP432_nortos.oem4f (.text:HwiP_delete)
                  00006536    00000002     --HOLE-- [fill = 0]
                  00006538    00000018                               : HwiPMSP432_nortos.oem4f (.text:HwiP_inISR)
                  00006550    00000018     display.aem4f : SharpGrLib.oem4f (.text:SharpGrLib_reverse)
                  00006568    00000018     msp432p4xx_driverlib.lib : sysctl_a.o (.text:SysCtl_A_disableNMISource)
                  00006580    00000018                              : sysctl_a.o (.text:SysCtl_A_enableNMISource)
                  00006598    00000018     drivers_msp432p4x1xi.aem4f : UART.oem4f (.text:UART_Params_init)
                  000065b0    00000018     nortos_msp432p4x1xi.aem4f : startup_msp432_ccs.oem4f (.text:resetISR)
                  000065c8    00000016     display.aem4f : DisplayUart.oem4f (.text:DisplayUartAnsi_close)
                  000065de    00000016     grlib.a : context.obj (.text:Graphics_setForegroundColor)
                  000065f4    00000016             : display.obj (.text:Graphics_translateColorOnDisplay)
                  0000660a    00000016     nortos_msp432p4x1xi.aem4f : SemaphoreP_nortos.oem4f (.text:SemaphoreP_create)
                  00006620    00000016                               : SwiP_nortos.oem4f (.text:maxbit)
                  00006636    00000016                               : SystemP_nortos.oem4f (.text:putChar)
                  0000664c    00000014     msp432p4xx_driverlib.lib : pcm.o (.text:PCM_getPowerState)
                  00006660    00000014     drivers_msp432p4x1xi.aem4f : PowerMSP432.oem4f (.text:Power_idleFunc)
                  00006674    00000014                                : SPI.oem4f (.text:SPI_Params_init)
                  00006688    00000014     nortos_msp432p4x1xi.aem4f : SwiP_nortos.oem4f (.text:SwiP_handleHwi)
                  0000669c    00000014                               : TimerPMSP432_nortos.oem4f (.text:TimerP_getCount)
                  000066b0    00000014     drivers_msp432p4x1xi.aem4f : UARTMSP432.oem4f (.text:clearTXCPTIFG)
                  000066c4    00000014     rtsv7M4_T_le_v4SPD16_eabi.lib : strlen.c.obj (.text:strlen)
                  000066d8    00000012     display.aem4f : Display.oem4f (.text:Display_doGetType)
                  000066ea    00000012     grlib.a : context.obj (.text:Graphics_clearDisplay)
                  000066fc    00000012             : display.obj (.text:Graphics_flushOnDisplay)
                  0000670e    00000012     nortos_msp432p4x1xi.aem4f : HwiPMSP432_nortos.oem4f (.text:HwiP_Params_init)
                  00006720    00000012     drivers_msp432p4x1xi.aem4f : RingBuf.oem4f (.text:RingBuf_construct)
                  00006732    00000012     main_nortos.obj (.text:main)
                  00006744    00000010     nortos_msp432p4x1xi.aem4f : ClockPTimer_nortos.oem4f (.text:ClockP_Params_init)
                  00006754    00000010                               : ClockPTimer_nortos.oem4f (.text:ClockP_delete)
                  00006764    00000010     grlib.a : context.obj (.text:Graphics_getDisplayHeight)
                  00006774    00000010             : context.obj (.text:Graphics_getDisplayWidth)
                  00006784    00000010     nortos_msp432p4x1xi.aem4f : HwiPMSP432_nortos.oem4f (.text:HwiP_disable)
                  00006794    00000010     msp432p4xx_driverlib.lib : interrupt.o (.text:Interrupt_disableMaster)
                  000067a4    00000010                              : interrupt.o (.text:Interrupt_enableMaster)
                  000067b4    00000010                              : pcm.o (.text:PCM_gotoLPM4)
                  000067c4    00000010                              : pcm.o (.text:PCM_setPowerMode)
                  000067d4    00000010                              : pcm.o (.text:PCM_setPowerState)
                  000067e4    00000010     drivers_msp432p4x1xi.aem4f : PowerMSP432.oem4f (.text:PowerMSP432_getNumPerfLevels)
                  000067f4    00000010                                : PowerMSP432.oem4f (.text:Power_disablePolicy)
                  00006804    00000010                                : PowerMSP432.oem4f (.text:Power_enablePolicy)
                  00006814    00000010     nortos_msp432p4x1xi.aem4f : SemaphoreP_nortos.oem4f (.text:SemaphoreP_Params_init)
                  00006824    00000010                               : SwiP_nortos.oem4f (.text:SwiP_Params_init)
                  00006834    00000010     msp432p4xx_driverlib.lib : sysctl_a.o (.text:SysCtl_A_getNMISourceStatus)
                  00006844    00000010     nortos_msp432p4x1xi.aem4f : TimerPMSP432_nortos.oem4f (.text:TimerP_Params_init)
                  00006854    00000010     drivers_msp432p4x1xi.aem4f : UARTMSP432.oem4f (.text:readBlockingTimeout)
                  00006864    0000000e     grlib.a : context.obj (.text:Graphics_flushBuffer)
                  00006872    0000000e             : image.obj (.text:Graphics_getImageHeight)
                  00006880    0000000e             : image.obj (.text:Graphics_getImageWidth)
                  0000688e    0000000e     nortos_msp432p4x1xi.aem4f : QueueP_nortos.oem4f (.text:QueueP_empty)
                  0000689c    0000000e                               : QueueP_nortos.oem4f (.text:QueueP_remove)
                  000068aa    0000000e     rtsv7M4_T_le_v4SPD16_eabi.lib : copy_decompress_none.c.obj (.text:decompress:none:__TI_decompress_none)
                  000068b8    0000000c     msp432p4xx_driverlib.lib : cpu.o (.text:CPU_cpsid)
                  000068c4    0000000c                              : cpu.o (.text:CPU_cpsie)
                  000068d0    0000000c     nortos_msp432p4x1xi.aem4f : ClockPTimer_nortos.oem4f (.text:ClockP_doTick)
                  000068dc    0000000c     display.aem4f : Display.oem4f (.text:Display_doClear)
                  000068e8    0000000c                   : Display.oem4f (.text:Display_doClearLines)
                  000068f4    0000000c     drivers_msp432p4x1xi.aem4f : PowerMSP432.oem4f (.text:Power_getConstraintMask)
                  00006900    0000000c                                : PowerMSP432.oem4f (.text:Power_getPerformanceLevel)
                  0000690c    0000000c     nortos_msp432p4x1xi.aem4f : TimerPMSP432_nortos.oem4f (.text:TimerP_getFreq)
                  00006918    0000000c                               : TimerPMSP432_nortos.oem4f (.text:TimerP_getMaxTicks)
                  00006924    0000000c     rtsv7M4_T_le_v4SPD16_eabi.lib : copy_zero_init.c.obj (.text:decompress:ZI:__TI_zero_init)
                  00006930    0000000a     drivers_msp432p4x1xi.aem4f : SPI.oem4f (.text:SPI_close)
                  0000693a    0000000a                                : SPI.oem4f (.text:SPI_transfer)
                  00006944    0000000a     display.aem4f : SharpGrLib.oem4f (.text:SharpGrLib_colorTranslate)
                  0000694e    0000000a     drivers_msp432p4x1xi.aem4f : UART.oem4f (.text:UART_close)
                  00006958    0000000a                                : UART.oem4f (.text:UART_control)
                  00006962    0000000a                                : UART.oem4f (.text:UART_write)
                  0000696c    00000008     display.aem4f : DisplaySharp.oem4f (.text:DisplaySharp_getType)
                  00006974    00000008     nortos_msp432p4x1xi.aem4f : HwiPMSP432_nortos.oem4f (.text:HwiP_restore)
                  0000697c    00000008     MSP_EXP432P4111.obj (.text:MSP_EXP432P4111_initGeneral)
                  00006984    00000008     drivers_msp432p4x1xi.aem4f : SPIMSP432DMA.oem4f (.text:blockingTransferCallback)
                  0000698c    00000008                                : UARTMSP432.oem4f (.text:readSemCallback)
                  00006994    00000008                                : UARTMSP432.oem4f (.text:txcptEnabledStatus)
                  0000699c    00000008                                : UARTMSP432.oem4f (.text:writeSemCallback)
                  000069a4    00000006     nortos_msp432p4x1xi.aem4f : ClockPTimer_nortos.oem4f (.text:ClockP_stop)
                  000069aa    00000006     display.aem4f : DisplayUart.oem4f (.text:DisplayUartAnsi_control)
                  000069b0    00000006                   : DisplayUart.oem4f (.text:DisplayUartAnsi_getType)
                  000069b6    00000006                   : Display.oem4f (.text:Display_doParamsInit)
                  000069bc    00000006     nortos_msp432p4x1xi.aem4f : QueueP_nortos.oem4f (.text:QueueP_init)
                  000069c2    00000006     drivers_msp432p4x1xi.aem4f : SPIMSP432DMA.oem4f (.text:SPIMSP432DMA_control)
                  000069c8    00000004     msp432p4xx_driverlib.lib : cpu.o (.text:CPU_wfi)
                  000069cc    00000004     nortos_msp432p4x1xi.aem4f : ClockPTimer_nortos.oem4f (.text:ClockP_isActive)
                  000069d0    00000004                               : ClockPTimer_nortos.oem4f (.text:ClockP_setTimeout)
                  000069d4    00000004                               : HwiPMSP432_nortos.oem4f (.text:HwiP_clearInterrupt)
                  000069d8    00000004                               : HwiPMSP432_nortos.oem4f (.text:HwiP_disableInterrupt)
                  000069dc    00000004                               : HwiPMSP432_nortos.oem4f (.text:HwiP_enable)
                  000069e0    00000004                               : HwiPMSP432_nortos.oem4f (.text:HwiP_enableInterrupt)
                  000069e4    00000004                               : HwiPMSP432_nortos.oem4f (.text:HwiP_post)
                  000069e8    00000004                               : QueueP_nortos.oem4f (.text:QueueP_head)
                  000069ec    00000004                               : QueueP_nortos.oem4f (.text:QueueP_next)
                  000069f0    00000004     drivers_msp432p4x1xi.aem4f : SPIMSP432DMA.oem4f (.text:SPIMSP432DMA_init)
                  000069f4    00000004     nortos_msp432p4x1xi.aem4f : SemaphoreP_nortos.oem4f (.text:SemaphoreP_delete)
                  000069f8    00000004                               : SystemP_nortos.oem4f (.text:SystemP_vsnprintf)
                  000069fc    00000004                               : TimerPMSP432_nortos.oem4f (.text:TimerP_setPeriod)
                  00006a00    00000004     rtsv7M4_T_le_v4SPD16_eabi.lib : pre_init.c.obj (.text:_system_pre_init)
                  00006a04    00000004                                   : exit.c.obj (.text:abort:abort)

.const     0    00006a08    00000990     
                  00006a08    000002f8     grlib.a : fontfixed6x8.obj (.const:.string:g_pucFontFixed6x8Data)
                  00006d00    00000192     splash_image.obj (.const:.string:imgData)
                  00006e92    00000001     display.aem4f : Display.oem4f (.const:Display_defaultParams)
                  00006e93    00000001     --HOLE-- [fill = 0]
                  00006e94    000000c8     grlib.a : fontfixed6x8.obj (.const:g_sFontFixed6x8)
                  00006f5c    00000090     MSP_EXP432P4111.obj (.const:spiMSP432DMAHWAttrs)
                  00006fec    00000090     MSP_EXP432P4111.obj (.const:uartMSP432Baudrates)
                  0000707c    00000058     MSP_EXP432P4111.obj (.const:uartMSP432HWAttrs)
                  000070d4    00000050     msp432p4xx_driverlib.lib : interrupt.o (.const:g_pulRegs)
                  00007124    00000038     MSP_EXP432P4111.obj (.const:PowerMSP432_config)
                  0000715c    00000030     MSP_EXP432P4111.obj (.const:SPI_config)
                  0000718c    00000028     drivers_msp432p4x1xi.aem4f : UARTMSP432.oem4f (.const:UARTMSP432_fxnTable)
                  000071b4    00000024                                : UART.oem4f (.const:UART_defaultParams)
                  000071d8    00000020     display.aem4f : DisplaySharp.oem4f (.const:DisplaySharp_fxnTable)
                  000071f8    00000020                   : DisplayUart.oem4f (.const:DisplayUartAnsi_fxnTable)
                  00007218    00000020     drivers_msp432p4x1xi.aem4f : SPI.oem4f (.const:SPI_defaultParams)
                  00007238    00000020     display.aem4f : SharpGrLib.oem4f (.const:g_sharpFxns)
                  00007258    00000020     drivers_msp432p4x1xi.aem4f : UARTMSP432.oem4f (.const:staticFxnTable)
                  00007278    00000018     MSP_EXP432P4111.obj (.const:Display_config)
                  00007290    00000018     drivers_msp432p4x1xi.aem4f : SPIMSP432DMA.oem4f (.const:SPIMSP432DMA_fxnTable)
                  000072a8    00000018     MSP_EXP432P4111.obj (.const:UART_config)
                  000072c0    00000018     MSP_EXP432P4111.obj (.const:displaySharpHWattrs)
                  000072d8    00000014     MSP_EXP432P4111.obj (.const:GPIOMSP432_config)
                  000072ec    00000014     MSP_EXP432P4111.obj (.const:displayUartHWAttrs)
                  00007300    00000010     display.aem4f : SharpGrLib.oem4f (.const:.string:referse_data)
                  00007310    00000010     nortos_msp432p4x1xi.aem4f : SwiP_nortos.oem4f (.const:SwiP_defaultParams)
                  00007320    00000010     splash_image.obj (.const:splashImage)
                  00007330    0000000e     MSP_EXP432P4111.obj (.const)
                  0000733e    00000002     --HOLE-- [fill = 0]
                  00007340    0000000c     MSP_EXP432P4111.obj (.const:udmaMSP432HWAttrs)
                  0000734c    00000008     MSP_EXP432P4111.obj (.const:UDMAMSP432_config)
                  00007354    00000008     drivers_msp432p4x1xi.aem4f : SPIMSP432DMA.oem4f (.const:frameFormat)
                  0000735c    00000008     msp432p4xx_driverlib.lib : interrupt.o (.const:g_pulDisRegs)
                  00007364    00000008                              : interrupt.o (.const:g_pulEnRegs)
                  0000736c    00000008                              : interrupt.o (.const:g_pulPendRegs)
                  00007374    00000008                              : interrupt.o (.const:g_pulUnpendRegs)
                  0000737c    00000007     display.aem4f : DisplayUart.oem4f (.const:.string:$P$T0$1)
                  00007383    00000006     drivers_msp432p4x1xi.aem4f : GPIOMSP432.oem4f (.const:.string:interruptType)
                  00007389    00000006                                : GPIOMSP432.oem4f (.const:.string:portInterruptIds)
                  0000738f    00000005                                : UARTMSP432.oem4f (.const:.string:parityTypes)
                  00007394    00000004                                : UARTMSP432.oem4f (.const:stopBits)

.cinit     0    00007398    00000100     
                  00007398    000000cc     (.cinit..data.load) [load image, compression = lzss]
                  00007464    0000000c     (__TI_handler_table)
                  00007470    00000008     (.cinit..bss.load) [load image, compression = zero_init]
                  00007478    00000008     (.cinit..vtable.load) [load image, compression = zero_init]
                  00007480    00000018     (__TI_cinit_table)

.init_array 
*          0    00000000    00000000     UNINITIALIZED

.intvecs   0    00000000    00000144     
                  00000000    00000144     nortos_msp432p4x1xi.aem4f : startup_msp432_ccs.oem4f (.intvecs:retain)

.sysmem    0    20000000    00008000     UNINITIALIZED
                  20000000    00000008     rtsv7M4_T_le_v4SPD16_eabi.lib : memory.c.obj (.sysmem)
                  20000008    00007ff8     --HOLE--

.bss       0    20008000    00001574     UNINITIALIZED
                  20008000    00000800     MSP_EXP432P4111.obj (.bss:sharpDisplayBuf)
                  20008800    00000400     MSP_EXP432P4111.obj (.bss:displayBuf)
                  20008c00    00000400     grlib.a : image.obj (.bss:g_pulConvertedPalette)
                  20009000    00000120     (.common:spiMSP432DMAObjects)
                  20009120    000000a0     nortos_msp432p4x1xi.aem4f : ClockPTimer_nortos.oem4f (.bss:ClockP_module)
                  200091c0    00000040     (.common:uartMSP432RingBuffer)
                  20009200    00000100     MSP_EXP432P4111.obj (.bss:dmaControlTable)
                  20009300    00000100     (.common:uartMSP432Objects)
                  20009400    00000044     (.common:displaySharpObject)
                  20009444    00000030     drivers_msp432p4x1xi.aem4f : GPIOMSP432.oem4f (.bss:gpioCallbackInfo)
                  20009474    00000020     nortos_msp432p4x1xi.aem4f : SwiP_nortos.oem4f (.bss:SwiP_readyList)
                  20009494    00000020     drivers_msp432p4x1xi.aem4f : UDMAMSP432.oem4f (.bss:hwiFxnArgs)
                  200094b4    00000020                                : UDMAMSP432.oem4f (.bss:hwiFxnHandlers)
                  200094d4    0000001c     nortos_msp432p4x1xi.aem4f : SwiP_nortos.oem4f (.bss:SwiP_hwiStruct)
                  200094f0    0000001c                               : TimerPMSP432_nortos.oem4f (.bss:TimerP_hwiStruct)
                  2000950c    00000018     display.aem4f : SharpGrLib.oem4f (.bss:spiTrans)
                  20009524    00000010     drivers_msp432p4x1xi.aem4f : UDMAMSP432.oem4f (.bss:hwiHandles)
                  20009534    0000000d     nortos_msp432p4x1xi.aem4f : SwiP_nortos.oem4f (.bss)
                  20009541    00000001     (.common:udmaMSP432Object)
                  20009542    00000002     --HOLE--
                  20009544    0000000c     (.common:displayUartObject)
                  20009550    00000008     display.aem4f : SharpGrLib.oem4f (.bss)
                  20009558    00000008     msp432p4xx_driverlib.lib : cs.o (.bss)
                  20009560    00000008     nortos_msp432p4x1xi.aem4f : ClockPTimer_nortos.oem4f (.bss:timerFreq)
                  20009568    00000004     drivers_msp432p4x1xi.aem4f : GPIOMSP432.oem4f (.bss)
                  2000956c    00000004     nortos_msp432p4x1xi.aem4f : ClockPTimer_nortos.oem4f (.bss)
                  20009570    00000004                               : TimerPMSP432_nortos.oem4f (.bss)

.data      0    20009574    00000347     UNINITIALIZED
                  20009574    00000140     nortos_msp432p4x1xi.aem4f : HwiPMSP432_nortos.oem4f (.data:HwiP_dispatchTable)
                  200096b4    00000130     drivers_msp432p4x1xi.aem4f : PowerMSP432.oem4f (.data:PowerMSP432_perfLevels)
                  200097e4    00000034     MSP_EXP432P4111.obj (.data:gpioPinConfigs)
                  20009818    0000002c     drivers_msp432p4x1xi.aem4f : PowerMSP432.oem4f (.data:PowerMSP432_module)
                  20009844    00000010                                : UDMAMSP432.oem4f (.data)
                  20009854    00000010     MSP_EXP432P4111.obj (.data:gpioCallbackFunctions)
                  20009864    0000000c     rtsv7M4_T_le_v4SPD16_eabi.lib : memory.c.obj (.data:$O1$$)
                  20009870    0000000c     nortos_msp432p4x1xi.aem4f : ClockPTimer_nortos.oem4f (.data:ClockP_defaultParams)
                  2000987c    0000000c                               : TimerPMSP432_nortos.oem4f (.data:TimerP_defaultParams)
                  20009888    00000008     rtsv7M4_T_le_v4SPD16_eabi.lib : _lock.c.obj (.data:$O1$$)
                  20009890    00000008     nortos_msp432p4x1xi.aem4f : SemaphoreP_nortos.oem4f (.data:SemaphoreP_defaultParams)
                  20009898    00000008     splash_image.obj (.data:imgPalette)
                  200098a0    00000008     nortos_msp432p4x1xi.aem4f : ClockPTimer_nortos.oem4f (.data)
                  200098a8    00000008                               : HwiPMSP432_nortos.oem4f (.data)
                  200098b0    00000003                               : SemaphoreP_nortos.oem4f (.data)
                  200098b3    00000002     display.aem4f : SharpGrLib.oem4f (.data)
                  200098b5    00000002     drivers_msp432p4x1xi.aem4f : GPIOMSP432.oem4f (.data)
                  200098b7    00000001                                : SPI.oem4f (.data)
                  200098b8    00000001                                : UART.oem4f (.data)
                  200098b9    00000001     nortos_msp432p4x1xi.aem4f : SwiP_nortos.oem4f (.data)
                  200098ba    00000001                               : TimerPMSP432_nortos.oem4f (.data)

.vtable    0    20009c00    000000e8     UNINITIALIZED
                  20009c00    000000e8     msp432p4xx_driverlib.lib : interrupt.o (.vtable)

.stack     0    2003f000    00001000     UNINITIALIZED
                  2003f000    00000004     rtsv7M4_T_le_v4SPD16_eabi.lib : boot_cortex_m.c.obj (.stack)
                  2003f004    00000ffc     --HOLE--

.binit     0    00000000    00000000     

MODULE SUMMARY

       Module                       code    ro data   rw data
       ------                       ----    -------   -------
    .\
       MSP_EXP432P4111.obj          36      626       8170   
       display.obj                  700     0         0      
       splash_image.obj             0       418       16     
       main_nortos.obj              18      0         0      
    +--+----------------------------+-------+---------+---------+
       Total:                       754     1044      8186   
                                                             
    C:/ti/simplelink_msp432p4_sdk_2_40_00_10/kernel/nortos/lib/nortos_msp432p4x1xi.aem4f
       ClockPTimer_nortos.oem4f     1064    0         384    
       HwiPMSP432_nortos.oem4f      300     0         656    
       SystemP_nortos.oem4f         889     0         0      
       TimerPMSP432_nortos.oem4f    728     0         90     
       SwiP_nortos.oem4f            630     16        148    
       SemaphoreP_nortos.oem4f      380     0         22     
       startup_msp432_ccs.oem4f     32      324       0      
       QueueP_nortos.oem4f          100     0         0      
       PowerMSP432_nortos.oem4f     76      0         0      
    +--+----------------------------+-------+---------+---------+
       Total:                       4199    340       1300   
                                                             
    C:/ti/simplelink_msp432p4_sdk_2_40_00_10/source/ti/devices/msp432p4xx/driverlib/ccs/msp432p4xx_driverlib.lib
       pcm.o                        1770    0         0      
       interrupt.o                  686     112       464    
       cs.o                         704     0         16     
       spi.o                        328     0         0      
       dma.o                        240     0         0      
       sysctl_a.o                   64      0         0      
       rtc_c.o                      44      0         0      
       wdt_a.o                      36      0         0      
       cpu.o                        28      0         0      
    +--+----------------------------+-------+---------+---------+
       Total:                       3900    112       480    
                                                             
    C:/ti/simplelink_msp432p4_sdk_2_40_00_10/source/ti/display/lib/display.aem4f
       SharpGrLib.oem4f             1112    48        68     
       DisplaySharp.oem4f           780     32        0      
       DisplayUart.oem4f            576     39        0      
       Display.oem4f                222     1         0      
       DisplayExt.oem4f             24      0         0      
    +--+----------------------------+-------+---------+---------+
       Total:                       2714    120       68     
                                                             
    C:/ti/simplelink_msp432p4_sdk_2_40_00_10/source/ti/drivers/lib/drivers_msp432p4x1xi.aem4f
       UARTMSP432.oem4f             3328    81        0      
       PowerMSP432.oem4f            2156    0         696    
       SPIMSP432DMA.oem4f           1870    32        0      
       UDMAMSP432.oem4f             900     0         192    
       GPIOMSP432.oem4f             920     12        108    
       UART.oem4f                   182     36        2      
       SPI.oem4f                    168     32        2      
       RingBuf.oem4f                184     0         0      
       List.oem4f                   76      0         0      
    +--+----------------------------+-------+---------+---------+
       Total:                       9784    193       1000   
                                                             
    C:/ti/simplelink_msp432p4_sdk_2_40_00_10/source/ti/grlib/lib/ccs/m4f/grlib.a
       image.obj                    1048    0         2048   
       string.obj                   1214    0         0      
       fontfixed6x8.obj             0       960       0      
       rectangle.obj                274     0         0      
       display.obj                  264     0         0      
       context.obj                  220     0         0      
       line.obj                     156     0         0      
    +--+----------------------------+-------+---------+---------+
       Total:                       3176    960       2048   
                                                             
    C:\ti\ccsv8\tools\compiler\ti-cgt-arm_18.1.4.LTS\lib\rtsv7M4_T_le_v4SPD16_eabi.lib
       memory.c.obj                 492     0         24     
       fd_add_t2.asm.obj            438     0         0      
       fd_mul_t2.asm.obj            252     0         0      
       memcpy_t2.asm.obj            156     0         0      
       ull_div_t2.asm.obj           150     0         0      
       fd_cmp_t2.asm.obj            134     0         0      
       memset_t2.asm.obj            122     0         0      
       copy_decompress_lzss.c.obj   104     0         0      
       fd_toi_t2.asm.obj            72      0         0      
       autoinit.c.obj               68      0         0      
       fd_tou_t2.asm.obj            68      0         0      
       u_divt2.asm.obj              64      0         0      
       boot_cortex_m.c.obj          56      0         0      
       i_tofd_t2.asm.obj            46      0         0      
       strlen.c.obj                 20      0         0      
       _lock.c.obj                  2       0         16     
       copy_decompress_none.c.obj   14      0         0      
       copy_zero_init.c.obj         12      0         0      
       exit.c.obj                   4       0         0      
       pre_init.c.obj               4       0         0      
       div0.asm.obj                 2       0         0      
    +--+----------------------------+-------+---------+---------+
       Total:                       2280    0         40     
                                                             
       Heap:                        0       0         65536  
       Stack:                       0       0         8192   
       Linker Generated:            0       256       0      
    +--+----------------------------+-------+---------+---------+
       Grand Total:                 26807   3025      86850  


LINKER GENERATED COPY TABLES

__TI_cinit_table @ 00007480 records: 3, size/record: 8, table size: 24
	.data: load addr=00007398, load size=000000cc bytes, run addr=20009574, run size=00000347 bytes, compression=lzss
	.bss: load addr=00007470, load size=00000008 bytes, run addr=20008000, run size=00001574 bytes, compression=zero_init
	.vtable: load addr=00007478, load size=00000008 bytes, run addr=20009c00, run size=000000e8 bytes, compression=zero_init


LINKER GENERATED HANDLER TABLE

__TI_handler_table @ 00007464 records: 3, size/record: 4, table size: 12
	index: 0, handler: __TI_decompress_lzss
	index: 1, handler: __TI_decompress_none
	index: 2, handler: __TI_zero_init


GLOBAL SYMBOLS: SORTED ALPHABETICALLY BY Name 

address   name                                
-------   ----                                
00007331  ADCBuf_count                        
00007330  ADC_count                           
00006a05  C$$EXIT                             
000068b9  CPU_cpsid                           
000068c5  CPU_cpsie                           
000069c9  CPU_wfi                             
000062d5  CS_setExternalClockSourceFrequency  
00002ac9  CS_startHFXTWithTimeout             
00002c91  CS_startLFXTWithTimeout             
00007332  Capture_count                       
00006745  ClockP_Params_init                  
000062f5  ClockP_add                          
000055ed  ClockP_construct                    
00006409  ClockP_create                       
00006755  ClockP_delete                       
000064bf  ClockP_destruct                     
000068d1  ClockP_doTick                       
000061d9  ClockP_getTicks                     
000069cd  ClockP_isActive                     
000061fd  ClockP_scheduleNextTick             
000069d1  ClockP_setTimeout                   
00006025  ClockP_sleep                        
000047b1  ClockP_start                        
0000355d  ClockP_startup                      
000069a5  ClockP_stop                         
200098a4  ClockP_tickPeriod                   
00004c55  ClockP_usleep                       
000049ad  ClockP_walkQueueDynamic             
00003829  ClockP_workFuncDynamic              
00002801  DMA_setChannelTransfer              
000064d7  DisplayExt_doGetGraphicsContext     
00006221  DisplaySharp_clear                  
00005551  DisplaySharp_clearLines             
00005e35  DisplaySharp_close                  
00003611  DisplaySharp_control                
000071d8  DisplaySharp_fxnTable               
0000696d  DisplaySharp_getType                
00000953  DisplaySharp_init                   
000028f1  DisplaySharp_open                   
000033eb  DisplaySharp_vprintf                
00005f7d  DisplayUartAnsi_clear               
000038d5  DisplayUartAnsi_clearLines          
000065c9  DisplayUartAnsi_close               
000069ab  DisplayUartAnsi_control             
000071f8  DisplayUartAnsi_fxnTable            
000069b1  DisplayUartAnsi_getType             
0000199f  DisplayUartAnsi_init                
00003c29  DisplayUartAnsi_open                
00003e11  DisplayUartAnsi_vprintf             
00007278  Display_config                      
00007333  Display_count                       
00006e92  Display_defaultParams               
000068dd  Display_doClear                     
000068e9  Display_doClearLines                
000066d9  Display_doGetType                   
0000604d  Display_doInit                      
00004fe5  Display_doOpen                      
000069b7  Display_doParamsInit                
00005fa7  Display_doPrintf                    
000064ef  EUSCI_A_SPI_getInterruptStatus      
00006507  EUSCI_B_SPI_getInterruptStatus      
000072d8  GPIOMSP432_config                   
00004cbd  GPIO_hwiIntFxn                      
00003981  GPIO_init                           
00006315  GPIO_read                           
00005155  GPIO_setCallback                    
00001dcd  GPIO_setConfig                      
00005cb1  GPIO_toggle                         
00005041  GPIO_write                          
000066eb  Graphics_clearDisplay               
00006423  Graphics_clearDisplayOnDisplay      
00005dc9  Graphics_drawHorizontalLineOnDisplay
000005c3  Graphics_drawImage                  
00003eb1  Graphics_drawLineH                  
0000570d  Graphics_drawMultiplePixelsOnDisplay
00005f25  Graphics_drawPixelOnDisplay         
00000145  Graphics_drawString                 
000022f1  Graphics_fillRectangle              
00006395  Graphics_fillRectangleOnDisplay     
00006865  Graphics_flushBuffer                
000066fd  Graphics_flushOnDisplay             
00006765  Graphics_getDisplayHeight           
00006775  Graphics_getDisplayWidth            
00006873  Graphics_getImageHeight             
00006881  Graphics_getImageWidth              
0000545d  Graphics_initContext                
0000643d  Graphics_setBackgroundColor         
00006457  Graphics_setFont                    
000065df  Graphics_setForegroundColor         
000065f5  Graphics_translateColorOnDisplay    
0000670f  HwiP_Params_init                    
000069d5  HwiP_clearInterrupt                 
00004a9d  HwiP_construct                      
00005fd1  HwiP_create                         
0000651f  HwiP_delete                         
00006785  HwiP_disable                        
000069d9  HwiP_disableInterrupt               
00006245  HwiP_dispatch                       
000069dd  HwiP_enable                         
000069e1  HwiP_enableInterrupt                
00006539  HwiP_inISR                          
200098a8  HwiP_key                            
000069e5  HwiP_post                           
00006975  HwiP_restore                        
200098ac  HwiP_swiPIntNum                     
00007335  I2CSlave_count                      
00007334  I2C_count                           
00004831  Interrupt_disableInterrupt          
00006795  Interrupt_disableMaster             
000048b1  Interrupt_enableInterrupt           
000067a5  Interrupt_enableMaster              
00004d25  Interrupt_pendInterrupt             
0000509d  Interrupt_registerInterrupt         
0000530d  Interrupt_setPriority               
000051ad  Interrupt_unpendInterrupt           
000063b5  Interrupt_unregisterInterrupt       
0000618d  List_put                            
000061b3  List_remove                         
0000697d  MSP_EXP432P4111_initGeneral         
00007336  NVS_count                           
000069dd  NoRTOS_start                        
00004f87  PCM_getCoreVoltageLevel             
000050f9  PCM_getPowerMode                    
0000664d  PCM_getPowerState                   
00006075  PCM_gotoLPM0                        
000046a9  PCM_gotoLPM3                        
000067b5  PCM_gotoLPM4                        
000067c5  PCM_setPowerMode                    
000067d5  PCM_setPowerState                   
00005361  PCM_shutdownDevice                  
00007337  PWM_count                           
00007124  PowerMSP432_config                  
00004e5d  PowerMSP432_getFreqs                
000067e5  PowerMSP432_getNumPerfLevels        
00002403  PowerMSP432_initPolicy              
20009818  PowerMSP432_module                  
200096b4  PowerMSP432_perfLevels              
00005635  PowerMSP432_sleepPolicy             
00002ac7  PowerMSP432_updateFreqs             
000067f5  Power_disablePolicy                 
00006805  Power_enablePolicy                  
000068f5  Power_getConstraintMask             
00006901  Power_getPerformanceLevel           
00006661  Power_idleFunc                      
000042d9  Power_init                          
0000609d  Power_registerNotify                
0000567d  Power_releaseConstraint             
00005ce9  Power_setConstraint                 
00000c2d  Power_sleep                         
00006335  Power_unregisterNotify              
0000688f  QueueP_empty                        
00006471  QueueP_get                          
000069e9  QueueP_head                         
000069bd  QueueP_init                         
000069ed  QueueP_next                         
00006355  QueueP_put                          
0000689d  QueueP_remove                       
00005f51  RTC_C_holdClock                     
00006721  RingBuf_construct                   
00005a3f  RingBuf_get                         
00006375  RingBuf_peek                        
00005753  RingBuf_put                         
00007338  SDFatFS_count                       
00007339  SD_count                            
00004ec1  SPIMSP432DMA_close                  
000069c3  SPIMSP432DMA_control                
00007290  SPIMSP432DMA_fxnTable               
000069f1  SPIMSP432DMA_init                   
00001489  SPIMSP432DMA_open                   
000021d1  SPIMSP432DMA_transfer               
0000250d  SPIMSP432DMA_transferCancel         
00006675  SPI_Params_init                     
00006931  SPI_close                           
0000715c  SPI_config                          
0000733a  SPI_count                           
00007218  SPI_defaultParams                   
000060c5  SPI_getInterruptStatus              
000057e1  SPI_init                            
00003779  SPI_initMaster                      
00005bc1  SPI_open                            
0000693b  SPI_transfer                        
00006815  SemaphoreP_Params_init              
000054b1  SemaphoreP_construct                
0000660b  SemaphoreP_create                   
0000648b  SemaphoreP_createBinary             
20009890  SemaphoreP_defaultParams            
000069f5  SemaphoreP_delete                   
0000355b  SemaphoreP_destruct                 
00003cd1  SemaphoreP_pend                     
00005825  SemaphoreP_post                     
00006269  SharpGrLib_init                     
00006825  SwiP_Params_init                    
00003005  SwiP_construct                      
000063d1  SwiP_disable                        
00003f4d  SwiP_dispatch                       
00004d8d  SwiP_post                           
00005869  SwiP_restore                        
00006569  SysCtl_A_disableNMISource           
00006581  SysCtl_A_enableNMISource            
00006835  SysCtl_A_getNMISourceStatus         
000064a5  SystemP_snprintf                    
000069f9  SystemP_vsnprintf                   
00006845  TimerP_Params_init                  
000031b5  TimerP_construct                    
0000525d  TimerP_dynamicStub                  
000053b5  TimerP_getCount64                   
00004be9  TimerP_getCurrentTick               
0000690d  TimerP_getFreq                      
00006919  TimerP_getMaxTicks                  
00005bfd  TimerP_initDevice                   
00005a7f  TimerP_setNextTick                  
000069fd  TimerP_setPeriod                    
000058ad  TimerP_start                        
0000733b  Timer_count                         
000043f9  UARTMSP432_close                    
00003ad9  UARTMSP432_control                  
0000718c  UARTMSP432_fxnTable                 
00003331  UARTMSP432_hwiIntFxn                
00003ad7  UARTMSP432_init                     
00000f01  UARTMSP432_open                     
00005abf  UARTMSP432_read                     
00005dff  UARTMSP432_readCancel               
00002d71  UARTMSP432_readPolling              
00004511  UARTMSP432_write                    
00004f25  UARTMSP432_writeCancel              
000036c5  UARTMSP432_writePolling             
00006599  UART_Params_init                    
0000694f  UART_close                          
000072a8  UART_config                         
00006959  UART_control                        
0000733c  UART_count                          
000071b4  UART_defaultParams                  
000058f1  UART_init                           
00005c39  UART_open                           
00006963  UART_write                          
00002e4d  UDMAMSP432_close                    
0000734c  UDMAMSP432_config                   
0000411d  UDMAMSP432_init                     
000041b1  UDMAMSP432_open                     
4000480c  WDTCTL_SYM                          
0000628d  WDT_A_holdTimer                     
0000733d  Watchdog_count                      
20040000  __STACK_END                         
00001000  __STACK_SIZE                        
00008000  __SYSMEM_SIZE                       
00007480  __TI_CINIT_Base                     
00007498  __TI_CINIT_Limit                    
00007464  __TI_Handler_Table_Base             
00007470  __TI_Handler_Table_Limit            
00005935  __TI_auto_init_nobinit_nopinit      
00004df5  __TI_decompress_lzss                
000068ab  __TI_decompress_none                
ffffffff  __TI_pprof_out_hndl                 
ffffffff  __TI_prof_data_size                 
ffffffff  __TI_prof_data_start                
00007398  __TI_static_base__                  
00006925  __TI_zero_init                      
0000459b  __aeabi_cdcmpeq                     
0000459b  __aeabi_cdcmple                     
000056c5  __aeabi_d2iz                        
00005979  __aeabi_d2uiz                       
00001c1f  __aeabi_dadd                        
00002705  __aeabi_dmul                        
00001c15  __aeabi_dsub                        
00005ef7  __aeabi_i2d                         
000054af  __aeabi_idiv0                       
000054af  __aeabi_ldiv0                       
00004931  __aeabi_memclr                      
00004931  __aeabi_memclr4                     
00004931  __aeabi_memclr8                     
00003fe9  __aeabi_memcpy                      
00003fe9  __aeabi_memcpy4                     
00003fe9  __aeabi_memcpy8                     
00004933  __aeabi_memset                      
00004933  __aeabi_memset4                     
00004933  __aeabi_memset8                     
00005b81  __aeabi_uidiv                       
00005b81  __aeabi_uidivmod                    
00004085  __aeabi_uldivmod                    
ffffffff  __binit__                           
ffffffff  __c_args__                          
UNDEFED   __mpu_init                          
2003f000  __stack                             
00005d21  _c_int00_noargs                     
20009888  _lock                               
0000411b  _nop                                
20000000  _sys_memory                         
UNDEFED   _system_post_cinit                  
00006a01  _system_pre_init                    
2000988c  _unlock                             
00006a05  abort                               
ffffffff  binit                               
000046a7  clkFxn                              
000072c0  displaySharpHWattrs                 
20009400  displaySharpObject                  
000072ec  displayUartHWAttrs                  
20009544  displayUartObject                   
000030dd  free                                
20009c00  g_pfnRAMVectors                     
00006e94  g_sFontFixed6x8                     
00007238  g_sharpFxns                         
20009854  gpioCallbackFunctions               
200097e4  gpioPinConfigs                      
00006d00  imgData                             
20009898  imgPalette                          
00000000  interruptVectors                    
00006733  main                                
000011cd  mainThread                          
00004a25  malloc                              
00003fe9  memcpy                              
00004939  memset                              
00005d59  minit                               
000065b1  resetISR                            
00006025  sleep                               
00006f5c  spiMSP432DMAHWAttrs                 
20009000  spiMSP432DMAObjects                 
00007320  splashImage                         
000066c5  strlen                              
00006fec  uartMSP432Baudrates                 
0000707c  uartMSP432HWAttrs                   
20009300  uartMSP432Objects                   
200091c0  uartMSP432RingBuffer                
00007340  udmaMSP432HWAttrs                   
20009541  udmaMSP432Object                    
00004c55  usleep                              


GLOBAL SYMBOLS: SORTED BY Symbol Address 

address   name                                
-------   ----                                
00000000  interruptVectors                    
00000145  Graphics_drawString                 
000005c3  Graphics_drawImage                  
00000953  DisplaySharp_init                   
00000c2d  Power_sleep                         
00000f01  UARTMSP432_open                     
00001000  __STACK_SIZE                        
000011cd  mainThread                          
00001489  SPIMSP432DMA_open                   
0000199f  DisplayUartAnsi_init                
00001c15  __aeabi_dsub                        
00001c1f  __aeabi_dadd                        
00001dcd  GPIO_setConfig                      
000021d1  SPIMSP432DMA_transfer               
000022f1  Graphics_fillRectangle              
00002403  PowerMSP432_initPolicy              
0000250d  SPIMSP432DMA_transferCancel         
00002705  __aeabi_dmul                        
00002801  DMA_setChannelTransfer              
000028f1  DisplaySharp_open                   
00002ac7  PowerMSP432_updateFreqs             
00002ac9  CS_startHFXTWithTimeout             
00002c91  CS_startLFXTWithTimeout             
00002d71  UARTMSP432_readPolling              
00002e4d  UDMAMSP432_close                    
00003005  SwiP_construct                      
000030dd  free                                
000031b5  TimerP_construct                    
00003331  UARTMSP432_hwiIntFxn                
000033eb  DisplaySharp_vprintf                
0000355b  SemaphoreP_destruct                 
0000355d  ClockP_startup                      
00003611  DisplaySharp_control                
000036c5  UARTMSP432_writePolling             
00003779  SPI_initMaster                      
00003829  ClockP_workFuncDynamic              
000038d5  DisplayUartAnsi_clearLines          
00003981  GPIO_init                           
00003ad7  UARTMSP432_init                     
00003ad9  UARTMSP432_control                  
00003c29  DisplayUartAnsi_open                
00003cd1  SemaphoreP_pend                     
00003e11  DisplayUartAnsi_vprintf             
00003eb1  Graphics_drawLineH                  
00003f4d  SwiP_dispatch                       
00003fe9  __aeabi_memcpy                      
00003fe9  __aeabi_memcpy4                     
00003fe9  __aeabi_memcpy8                     
00003fe9  memcpy                              
00004085  __aeabi_uldivmod                    
0000411b  _nop                                
0000411d  UDMAMSP432_init                     
000041b1  UDMAMSP432_open                     
000042d9  Power_init                          
000043f9  UARTMSP432_close                    
00004511  UARTMSP432_write                    
0000459b  __aeabi_cdcmpeq                     
0000459b  __aeabi_cdcmple                     
000046a7  clkFxn                              
000046a9  PCM_gotoLPM3                        
000047b1  ClockP_start                        
00004831  Interrupt_disableInterrupt          
000048b1  Interrupt_enableInterrupt           
00004931  __aeabi_memclr                      
00004931  __aeabi_memclr4                     
00004931  __aeabi_memclr8                     
00004933  __aeabi_memset                      
00004933  __aeabi_memset4                     
00004933  __aeabi_memset8                     
00004939  memset                              
000049ad  ClockP_walkQueueDynamic             
00004a25  malloc                              
00004a9d  HwiP_construct                      
00004be9  TimerP_getCurrentTick               
00004c55  ClockP_usleep                       
00004c55  usleep                              
00004cbd  GPIO_hwiIntFxn                      
00004d25  Interrupt_pendInterrupt             
00004d8d  SwiP_post                           
00004df5  __TI_decompress_lzss                
00004e5d  PowerMSP432_getFreqs                
00004ec1  SPIMSP432DMA_close                  
00004f25  UARTMSP432_writeCancel              
00004f87  PCM_getCoreVoltageLevel             
00004fe5  Display_doOpen                      
00005041  GPIO_write                          
0000509d  Interrupt_registerInterrupt         
000050f9  PCM_getPowerMode                    
00005155  GPIO_setCallback                    
000051ad  Interrupt_unpendInterrupt           
0000525d  TimerP_dynamicStub                  
0000530d  Interrupt_setPriority               
00005361  PCM_shutdownDevice                  
000053b5  TimerP_getCount64                   
0000545d  Graphics_initContext                
000054af  __aeabi_idiv0                       
000054af  __aeabi_ldiv0                       
000054b1  SemaphoreP_construct                
00005551  DisplaySharp_clearLines             
000055ed  ClockP_construct                    
00005635  PowerMSP432_sleepPolicy             
0000567d  Power_releaseConstraint             
000056c5  __aeabi_d2iz                        
0000570d  Graphics_drawMultiplePixelsOnDisplay
00005753  RingBuf_put                         
000057e1  SPI_init                            
00005825  SemaphoreP_post                     
00005869  SwiP_restore                        
000058ad  TimerP_start                        
000058f1  UART_init                           
00005935  __TI_auto_init_nobinit_nopinit      
00005979  __aeabi_d2uiz                       
00005a3f  RingBuf_get                         
00005a7f  TimerP_setNextTick                  
00005abf  UARTMSP432_read                     
00005b81  __aeabi_uidiv                       
00005b81  __aeabi_uidivmod                    
00005bc1  SPI_open                            
00005bfd  TimerP_initDevice                   
00005c39  UART_open                           
00005cb1  GPIO_toggle                         
00005ce9  Power_setConstraint                 
00005d21  _c_int00_noargs                     
00005d59  minit                               
00005dc9  Graphics_drawHorizontalLineOnDisplay
00005dff  UARTMSP432_readCancel               
00005e35  DisplaySharp_close                  
00005ef7  __aeabi_i2d                         
00005f25  Graphics_drawPixelOnDisplay         
00005f51  RTC_C_holdClock                     
00005f7d  DisplayUartAnsi_clear               
00005fa7  Display_doPrintf                    
00005fd1  HwiP_create                         
00006025  ClockP_sleep                        
00006025  sleep                               
0000604d  Display_doInit                      
00006075  PCM_gotoLPM0                        
0000609d  Power_registerNotify                
000060c5  SPI_getInterruptStatus              
0000618d  List_put                            
000061b3  List_remove                         
000061d9  ClockP_getTicks                     
000061fd  ClockP_scheduleNextTick             
00006221  DisplaySharp_clear                  
00006245  HwiP_dispatch                       
00006269  SharpGrLib_init                     
0000628d  WDT_A_holdTimer                     
000062d5  CS_setExternalClockSourceFrequency  
000062f5  ClockP_add                          
00006315  GPIO_read                           
00006335  Power_unregisterNotify              
00006355  QueueP_put                          
00006375  RingBuf_peek                        
00006395  Graphics_fillRectangleOnDisplay     
000063b5  Interrupt_unregisterInterrupt       
000063d1  SwiP_disable                        
00006409  ClockP_create                       
00006423  Graphics_clearDisplayOnDisplay      
0000643d  Graphics_setBackgroundColor         
00006457  Graphics_setFont                    
00006471  QueueP_get                          
0000648b  SemaphoreP_createBinary             
000064a5  SystemP_snprintf                    
000064bf  ClockP_destruct                     
000064d7  DisplayExt_doGetGraphicsContext     
000064ef  EUSCI_A_SPI_getInterruptStatus      
00006507  EUSCI_B_SPI_getInterruptStatus      
0000651f  HwiP_delete                         
00006539  HwiP_inISR                          
00006569  SysCtl_A_disableNMISource           
00006581  SysCtl_A_enableNMISource            
00006599  UART_Params_init                    
000065b1  resetISR                            
000065c9  DisplayUartAnsi_close               
000065df  Graphics_setForegroundColor         
000065f5  Graphics_translateColorOnDisplay    
0000660b  SemaphoreP_create                   
0000664d  PCM_getPowerState                   
00006661  Power_idleFunc                      
00006675  SPI_Params_init                     
000066c5  strlen                              
000066d9  Display_doGetType                   
000066eb  Graphics_clearDisplay               
000066fd  Graphics_flushOnDisplay             
0000670f  HwiP_Params_init                    
00006721  RingBuf_construct                   
00006733  main                                
00006745  ClockP_Params_init                  
00006755  ClockP_delete                       
00006765  Graphics_getDisplayHeight           
00006775  Graphics_getDisplayWidth            
00006785  HwiP_disable                        
00006795  Interrupt_disableMaster             
000067a5  Interrupt_enableMaster              
000067b5  PCM_gotoLPM4                        
000067c5  PCM_setPowerMode                    
000067d5  PCM_setPowerState                   
000067e5  PowerMSP432_getNumPerfLevels        
000067f5  Power_disablePolicy                 
00006805  Power_enablePolicy                  
00006815  SemaphoreP_Params_init              
00006825  SwiP_Params_init                    
00006835  SysCtl_A_getNMISourceStatus         
00006845  TimerP_Params_init                  
00006865  Graphics_flushBuffer                
00006873  Graphics_getImageHeight             
00006881  Graphics_getImageWidth              
0000688f  QueueP_empty                        
0000689d  QueueP_remove                       
000068ab  __TI_decompress_none                
000068b9  CPU_cpsid                           
000068c5  CPU_cpsie                           
000068d1  ClockP_doTick                       
000068dd  Display_doClear                     
000068e9  Display_doClearLines                
000068f5  Power_getConstraintMask             
00006901  Power_getPerformanceLevel           
0000690d  TimerP_getFreq                      
00006919  TimerP_getMaxTicks                  
00006925  __TI_zero_init                      
00006931  SPI_close                           
0000693b  SPI_transfer                        
0000694f  UART_close                          
00006959  UART_control                        
00006963  UART_write                          
0000696d  DisplaySharp_getType                
00006975  HwiP_restore                        
0000697d  MSP_EXP432P4111_initGeneral         
000069a5  ClockP_stop                         
000069ab  DisplayUartAnsi_control             
000069b1  DisplayUartAnsi_getType             
000069b7  Display_doParamsInit                
000069bd  QueueP_init                         
000069c3  SPIMSP432DMA_control                
000069c9  CPU_wfi                             
000069cd  ClockP_isActive                     
000069d1  ClockP_setTimeout                   
000069d5  HwiP_clearInterrupt                 
000069d9  HwiP_disableInterrupt               
000069dd  HwiP_enable                         
000069dd  NoRTOS_start                        
000069e1  HwiP_enableInterrupt                
000069e5  HwiP_post                           
000069e9  QueueP_head                         
000069ed  QueueP_next                         
000069f1  SPIMSP432DMA_init                   
000069f5  SemaphoreP_delete                   
000069f9  SystemP_vsnprintf                   
000069fd  TimerP_setPeriod                    
00006a01  _system_pre_init                    
00006a05  C$$EXIT                             
00006a05  abort                               
00006d00  imgData                             
00006e92  Display_defaultParams               
00006e94  g_sFontFixed6x8                     
00006f5c  spiMSP432DMAHWAttrs                 
00006fec  uartMSP432Baudrates                 
0000707c  uartMSP432HWAttrs                   
00007124  PowerMSP432_config                  
0000715c  SPI_config                          
0000718c  UARTMSP432_fxnTable                 
000071b4  UART_defaultParams                  
000071d8  DisplaySharp_fxnTable               
000071f8  DisplayUartAnsi_fxnTable            
00007218  SPI_defaultParams                   
00007238  g_sharpFxns                         
00007278  Display_config                      
00007290  SPIMSP432DMA_fxnTable               
000072a8  UART_config                         
000072c0  displaySharpHWattrs                 
000072d8  GPIOMSP432_config                   
000072ec  displayUartHWAttrs                  
00007320  splashImage                         
00007330  ADC_count                           
00007331  ADCBuf_count                        
00007332  Capture_count                       
00007333  Display_count                       
00007334  I2C_count                           
00007335  I2CSlave_count                      
00007336  NVS_count                           
00007337  PWM_count                           
00007338  SDFatFS_count                       
00007339  SD_count                            
0000733a  SPI_count                           
0000733b  Timer_count                         
0000733c  UART_count                          
0000733d  Watchdog_count                      
00007340  udmaMSP432HWAttrs                   
0000734c  UDMAMSP432_config                   
00007398  __TI_static_base__                  
00007464  __TI_Handler_Table_Base             
00007470  __TI_Handler_Table_Limit            
00007480  __TI_CINIT_Base                     
00007498  __TI_CINIT_Limit                    
00008000  __SYSMEM_SIZE                       
20000000  _sys_memory                         
20009000  spiMSP432DMAObjects                 
200091c0  uartMSP432RingBuffer                
20009300  uartMSP432Objects                   
20009400  displaySharpObject                  
20009541  udmaMSP432Object                    
20009544  displayUartObject                   
200096b4  PowerMSP432_perfLevels              
200097e4  gpioPinConfigs                      
20009818  PowerMSP432_module                  
20009854  gpioCallbackFunctions               
20009888  _lock                               
2000988c  _unlock                             
20009890  SemaphoreP_defaultParams            
20009898  imgPalette                          
200098a4  ClockP_tickPeriod                   
200098a8  HwiP_key                            
200098ac  HwiP_swiPIntNum                     
20009c00  g_pfnRAMVectors                     
2003f000  __stack                             
20040000  __STACK_END                         
4000480c  WDTCTL_SYM                          
ffffffff  __TI_pprof_out_hndl                 
ffffffff  __TI_prof_data_size                 
ffffffff  __TI_prof_data_start                
ffffffff  __binit__                           
ffffffff  __c_args__                          
ffffffff  binit                               
UNDEFED   __mpu_init                          
UNDEFED   _system_post_cinit                  

[325 symbols]
